The target system is: Linux -  - aarch64
The host system is: Linux - 6.8.0-90-generic - x86_64
Compiling the C compiler identification source file "CMakeCCompilerId.c" succeeded.
Compiler: /home/mustafa/x-tools/aarch64-rpi3-linux-gnu/bin/aarch64-rpi3-linux-gnu-gcc 
Build flags: 
Id flags:  

The output was:
0


Compilation of the C compiler identification source "CMakeCCompilerId.c" produced "a.out"

The C compiler identification is GNU, found in "/home/mustafa/Embedded_ITI_9M/Fady/CPP/Task5_CPP/build-rpi/CMakeFiles/3.22.1/CompilerIdC/a.out"

Compiling the CXX compiler identification source file "CMakeCXXCompilerId.cpp" succeeded.
Compiler: /home/mustafa/x-tools/aarch64-rpi3-linux-gnu/bin/aarch64-rpi3-linux-gnu-g++ 
Build flags: 
Id flags:  

The output was:
0


Compilation of the CXX compiler identification source "CMakeCXXCompilerId.cpp" produced "a.out"

The CXX compiler identification is GNU, found in "/home/mustafa/Embedded_ITI_9M/Fady/CPP/Task5_CPP/build-rpi/CMakeFiles/3.22.1/CompilerIdCXX/a.out"

Detecting C compiler ABI info compiled with the following output:
Change Dir: /home/mustafa/Embedded_ITI_9M/Fady/CPP/Task5_CPP/build-rpi/CMakeFiles/CMakeTmp

Run Build Command(s):/usr/bin/gmake -f Makefile cmTC_a8adf/fast && /usr/bin/gmake  -f CMakeFiles/cmTC_a8adf.dir/build.make CMakeFiles/cmTC_a8adf.dir/build
gmake[1]: Entering directory '/home/mustafa/Embedded_ITI_9M/Fady/CPP/Task5_CPP/build-rpi/CMakeFiles/CMakeTmp'
Building C object CMakeFiles/cmTC_a8adf.dir/CMakeCCompilerABI.c.o
/home/mustafa/x-tools/aarch64-rpi3-linux-gnu/bin/aarch64-rpi3-linux-gnu-gcc   -v -o CMakeFiles/cmTC_a8adf.dir/CMakeCCompilerABI.c.o -c /usr/share/cmake-3.22/Modules/CMakeCCompilerABI.c
Using built-in specs.
COLLECT_GCC=/home/mustafa/x-tools/aarch64-rpi3-linux-gnu/bin/aarch64-rpi3-linux-gnu-gcc
Target: aarch64-rpi3-linux-gnu
Configured with: /home/mustafa/crosscompile/crosstool-ng/.build/aarch64-rpi3-linux-gnu/src/gcc/configure --build=x86_64-build_pc-linux-gnu --host=x86_64-build_pc-linux-gnu --target=aarch64-rpi3-linux-gnu --prefix=/home/mustafa/x-tools/aarch64-rpi3-linux-gnu --exec_prefix=/home/mustafa/x-tools/aarch64-rpi3-linux-gnu --with-sysroot=/home/mustafa/x-tools/aarch64-rpi3-linux-gnu/aarch64-rpi3-linux-gnu/sysroot --enable-languages=c,c++ --with-cpu=cortex-a53 --with-pkgversion='crosstool-NG 1.26.0_rc2' --enable-__cxa_atexit --disable-libmudflap --disable-libgomp --disable-libssp --disable-libquadmath --disable-libquadmath-support --disable-libsanitizer --disable-libmpx --with-gmp=/home/mustafa/crosscompile/crosstool-ng/.build/aarch64-rpi3-linux-gnu/buildtools --with-mpfr=/home/mustafa/crosscompile/crosstool-ng/.build/aarch64-rpi3-linux-gnu/buildtools --with-mpc=/home/mustafa/crosscompile/crosstool-ng/.build/aarch64-rpi3-linux-gnu/buildtools --with-isl=/home/mustafa/crosscompile/crosstool-ng/.build/aarch64-rpi3-linux-gnu/buildtools --enable-lto --enable-threads=posix --enable-target-optspace --enable-plugin --enable-gold --disable-nls --disable-multilib --with-local-prefix=/home/mustafa/x-tools/aarch64-rpi3-linux-gnu/aarch64-rpi3-linux-gnu/sysroot --enable-long-long
Thread model: posix
Supported LTO compression algorithms: zlib zstd
gcc version 13.2.0 (crosstool-NG 1.26.0_rc2) 
COLLECT_GCC_OPTIONS='-v' '-o' 'CMakeFiles/cmTC_a8adf.dir/CMakeCCompilerABI.c.o' '-c' '-mcpu=cortex-a53' '-mlittle-endian' '-mabi=lp64' '-dumpdir' 'CMakeFiles/cmTC_a8adf.dir/'
 /home/mustafa/x-tools/aarch64-rpi3-linux-gnu/libexec/gcc/aarch64-rpi3-linux-gnu/13.2.0/cc1 -quiet -v /usr/share/cmake-3.22/Modules/CMakeCCompilerABI.c -quiet -dumpdir CMakeFiles/cmTC_a8adf.dir/ -dumpbase CMakeCCompilerABI.c.c -dumpbase-ext .c -mcpu=cortex-a53 -mlittle-endian -mabi=lp64 -version -o /tmp/ccxHXhav.s
GNU C17 (crosstool-NG 1.26.0_rc2) version 13.2.0 (aarch64-rpi3-linux-gnu)
	compiled by GNU C version 11.4.0, GMP version 6.2.1, MPFR version 4.2.1, MPC version 1.2.1, isl version isl-0.26-GMP

GGC heuristics: --param ggc-min-expand=100 --param ggc-min-heapsize=131072
ignoring nonexistent directory "/home/mustafa/x-tools/aarch64-rpi3-linux-gnu/aarch64-rpi3-linux-gnu/sysroot/home/mustafa/x-tools/aarch64-rpi3-linux-gnu/aarch64-rpi3-linux-gnu/sysroot/include"
#include "..." search starts here:
#include <...> search starts here:
 /home/mustafa/x-tools/aarch64-rpi3-linux-gnu/lib/gcc/aarch64-rpi3-linux-gnu/13.2.0/include
 /home/mustafa/x-tools/aarch64-rpi3-linux-gnu/lib/gcc/aarch64-rpi3-linux-gnu/13.2.0/include-fixed
 /home/mustafa/x-tools/aarch64-rpi3-linux-gnu/lib/gcc/aarch64-rpi3-linux-gnu/13.2.0/../../../../aarch64-rpi3-linux-gnu/include
 /home/mustafa/x-tools/aarch64-rpi3-linux-gnu/aarch64-rpi3-linux-gnu/sysroot/usr/include
End of search list.
Compiler executable checksum: 577a7ef06659ddf11272bd2df7b7ed87
COLLECT_GCC_OPTIONS='-v' '-o' 'CMakeFiles/cmTC_a8adf.dir/CMakeCCompilerABI.c.o' '-c' '-mcpu=cortex-a53' '-mlittle-endian' '-mabi=lp64' '-dumpdir' 'CMakeFiles/cmTC_a8adf.dir/'
 /home/mustafa/x-tools/aarch64-rpi3-linux-gnu/lib/gcc/aarch64-rpi3-linux-gnu/13.2.0/../../../../aarch64-rpi3-linux-gnu/bin/as -v -EL -march=armv8-a+crc -mabi=lp64 -o CMakeFiles/cmTC_a8adf.dir/CMakeCCompilerABI.c.o /tmp/ccxHXhav.s
GNU assembler version 2.40 (aarch64-rpi3-linux-gnu) using BFD version (crosstool-NG 1.26.0_rc2) 2.40
COMPILER_PATH=/home/mustafa/x-tools/aarch64-rpi3-linux-gnu/libexec/gcc/aarch64-rpi3-linux-gnu/13.2.0/:/home/mustafa/x-tools/aarch64-rpi3-linux-gnu/libexec/gcc/aarch64-rpi3-linux-gnu/13.2.0/:/home/mustafa/x-tools/aarch64-rpi3-linux-gnu/libexec/gcc/aarch64-rpi3-linux-gnu/:/home/mustafa/x-tools/aarch64-rpi3-linux-gnu/lib/gcc/aarch64-rpi3-linux-gnu/13.2.0/:/home/mustafa/x-tools/aarch64-rpi3-linux-gnu/lib/gcc/aarch64-rpi3-linux-gnu/:/home/mustafa/x-tools/aarch64-rpi3-linux-gnu/lib/gcc/aarch64-rpi3-linux-gnu/13.2.0/../../../../aarch64-rpi3-linux-gnu/bin/
LIBRARY_PATH=/home/mustafa/x-tools/aarch64-rpi3-linux-gnu/lib/gcc/aarch64-rpi3-linux-gnu/13.2.0/:/home/mustafa/x-tools/aarch64-rpi3-linux-gnu/lib/gcc/aarch64-rpi3-linux-gnu/13.2.0/../../../../aarch64-rpi3-linux-gnu/lib/../lib64/:/home/mustafa/x-tools/aarch64-rpi3-linux-gnu/aarch64-rpi3-linux-gnu/sysroot/lib/../lib64/:/home/mustafa/x-tools/aarch64-rpi3-linux-gnu/aarch64-rpi3-linux-gnu/sysroot/usr/lib/../lib64/:/home/mustafa/x-tools/aarch64-rpi3-linux-gnu/lib/gcc/aarch64-rpi3-linux-gnu/13.2.0/../../../../aarch64-rpi3-linux-gnu/lib/:/home/mustafa/x-tools/aarch64-rpi3-linux-gnu/aarch64-rpi3-linux-gnu/sysroot/lib/:/home/mustafa/x-tools/aarch64-rpi3-linux-gnu/aarch64-rpi3-linux-gnu/sysroot/usr/lib/
COLLECT_GCC_OPTIONS='-v' '-o' 'CMakeFiles/cmTC_a8adf.dir/CMakeCCompilerABI.c.o' '-c' '-mcpu=cortex-a53' '-mlittle-endian' '-mabi=lp64' '-dumpdir' 'CMakeFiles/cmTC_a8adf.dir/CMakeCCompilerABI.c.'
Linking C executable cmTC_a8adf
/usr/bin/cmake -E cmake_link_script CMakeFiles/cmTC_a8adf.dir/link.txt --verbose=1
/home/mustafa/x-tools/aarch64-rpi3-linux-gnu/bin/aarch64-rpi3-linux-gnu-gcc  -v CMakeFiles/cmTC_a8adf.dir/CMakeCCompilerABI.c.o -o cmTC_a8adf 
Using built-in specs.
COLLECT_GCC=/home/mustafa/x-tools/aarch64-rpi3-linux-gnu/bin/aarch64-rpi3-linux-gnu-gcc
COLLECT_LTO_WRAPPER=/home/mustafa/x-tools/aarch64-rpi3-linux-gnu/libexec/gcc/aarch64-rpi3-linux-gnu/13.2.0/lto-wrapper
Target: aarch64-rpi3-linux-gnu
Configured with: /home/mustafa/crosscompile/crosstool-ng/.build/aarch64-rpi3-linux-gnu/src/gcc/configure --build=x86_64-build_pc-linux-gnu --host=x86_64-build_pc-linux-gnu --target=aarch64-rpi3-linux-gnu --prefix=/home/mustafa/x-tools/aarch64-rpi3-linux-gnu --exec_prefix=/home/mustafa/x-tools/aarch64-rpi3-linux-gnu --with-sysroot=/home/mustafa/x-tools/aarch64-rpi3-linux-gnu/aarch64-rpi3-linux-gnu/sysroot --enable-languages=c,c++ --with-cpu=cortex-a53 --with-pkgversion='crosstool-NG 1.26.0_rc2' --enable-__cxa_atexit --disable-libmudflap --disable-libgomp --disable-libssp --disable-libquadmath --disable-libquadmath-support --disable-libsanitizer --disable-libmpx --with-gmp=/home/mustafa/crosscompile/crosstool-ng/.build/aarch64-rpi3-linux-gnu/buildtools --with-mpfr=/home/mustafa/crosscompile/crosstool-ng/.build/aarch64-rpi3-linux-gnu/buildtools --with-mpc=/home/mustafa/crosscompile/crosstool-ng/.build/aarch64-rpi3-linux-gnu/buildtools --with-isl=/home/mustafa/crosscompile/crosstool-ng/.build/aarch64-rpi3-linux-gnu/buildtools --enable-lto --enable-threads=posix --enable-target-optspace --enable-plugin --enable-gold --disable-nls --disable-multilib --with-local-prefix=/home/mustafa/x-tools/aarch64-rpi3-linux-gnu/aarch64-rpi3-linux-gnu/sysroot --enable-long-long
Thread model: posix
Supported LTO compression algorithms: zlib zstd
gcc version 13.2.0 (crosstool-NG 1.26.0_rc2) 
COMPILER_PATH=/home/mustafa/x-tools/aarch64-rpi3-linux-gnu/libexec/gcc/aarch64-rpi3-linux-gnu/13.2.0/:/home/mustafa/x-tools/aarch64-rpi3-linux-gnu/libexec/gcc/aarch64-rpi3-linux-gnu/13.2.0/:/home/mustafa/x-tools/aarch64-rpi3-linux-gnu/libexec/gcc/aarch64-rpi3-linux-gnu/:/home/mustafa/x-tools/aarch64-rpi3-linux-gnu/lib/gcc/aarch64-rpi3-linux-gnu/13.2.0/:/home/mustafa/x-tools/aarch64-rpi3-linux-gnu/lib/gcc/aarch64-rpi3-linux-gnu/:/home/mustafa/x-tools/aarch64-rpi3-linux-gnu/lib/gcc/aarch64-rpi3-linux-gnu/13.2.0/../../../../aarch64-rpi3-linux-gnu/bin/
LIBRARY_PATH=/home/mustafa/x-tools/aarch64-rpi3-linux-gnu/lib/gcc/aarch64-rpi3-linux-gnu/13.2.0/:/home/mustafa/x-tools/aarch64-rpi3-linux-gnu/lib/gcc/aarch64-rpi3-linux-gnu/13.2.0/../../../../aarch64-rpi3-linux-gnu/lib/../lib64/:/home/mustafa/x-tools/aarch64-rpi3-linux-gnu/aarch64-rpi3-linux-gnu/sysroot/lib/../lib64/:/home/mustafa/x-tools/aarch64-rpi3-linux-gnu/aarch64-rpi3-linux-gnu/sysroot/usr/lib/../lib64/:/home/mustafa/x-tools/aarch64-rpi3-linux-gnu/lib/gcc/aarch64-rpi3-linux-gnu/13.2.0/../../../../aarch64-rpi3-linux-gnu/lib/:/home/mustafa/x-tools/aarch64-rpi3-linux-gnu/aarch64-rpi3-linux-gnu/sysroot/lib/:/home/mustafa/x-tools/aarch64-rpi3-linux-gnu/aarch64-rpi3-linux-gnu/sysroot/usr/lib/
COLLECT_GCC_OPTIONS='-v' '-o' 'cmTC_a8adf' '-mcpu=cortex-a53' '-mlittle-endian' '-mabi=lp64' '-dumpdir' 'cmTC_a8adf.'
 /home/mustafa/x-tools/aarch64-rpi3-linux-gnu/libexec/gcc/aarch64-rpi3-linux-gnu/13.2.0/collect2 -plugin /home/mustafa/x-tools/aarch64-rpi3-linux-gnu/libexec/gcc/aarch64-rpi3-linux-gnu/13.2.0/liblto_plugin.so -plugin-opt=/home/mustafa/x-tools/aarch64-rpi3-linux-gnu/libexec/gcc/aarch64-rpi3-linux-gnu/13.2.0/lto-wrapper -plugin-opt=-fresolution=/tmp/ccIY0DRs.res -plugin-opt=-pass-through=-lgcc -plugin-opt=-pass-through=-lgcc_s -plugin-opt=-pass-through=-lc -plugin-opt=-pass-through=-lgcc -plugin-opt=-pass-through=-lgcc_s --sysroot=/home/mustafa/x-tools/aarch64-rpi3-linux-gnu/aarch64-rpi3-linux-gnu/sysroot --eh-frame-hdr -dynamic-linker /lib/ld-linux-aarch64.so.1 -X -EL -maarch64linux -o cmTC_a8adf /home/mustafa/x-tools/aarch64-rpi3-linux-gnu/aarch64-rpi3-linux-gnu/sysroot/usr/lib/../lib64/crt1.o /home/mustafa/x-tools/aarch64-rpi3-linux-gnu/aarch64-rpi3-linux-gnu/sysroot/usr/lib/../lib64/crti.o /home/mustafa/x-tools/aarch64-rpi3-linux-gnu/lib/gcc/aarch64-rpi3-linux-gnu/13.2.0/crtbegin.o -L/home/mustafa/x-tools/aarch64-rpi3-linux-gnu/lib/gcc/aarch64-rpi3-linux-gnu/13.2.0 -L/home/mustafa/x-tools/aarch64-rpi3-linux-gnu/lib/gcc/aarch64-rpi3-linux-gnu/13.2.0/../../../../aarch64-rpi3-linux-gnu/lib/../lib64 -L/home/mustafa/x-tools/aarch64-rpi3-linux-gnu/aarch64-rpi3-linux-gnu/sysroot/lib/../lib64 -L/home/mustafa/x-tools/aarch64-rpi3-linux-gnu/aarch64-rpi3-linux-gnu/sysroot/usr/lib/../lib64 -L/home/mustafa/x-tools/aarch64-rpi3-linux-gnu/lib/gcc/aarch64-rpi3-linux-gnu/13.2.0/../../../../aarch64-rpi3-linux-gnu/lib -L/home/mustafa/x-tools/aarch64-rpi3-linux-gnu/aarch64-rpi3-linux-gnu/sysroot/lib -L/home/mustafa/x-tools/aarch64-rpi3-linux-gnu/aarch64-rpi3-linux-gnu/sysroot/usr/lib CMakeFiles/cmTC_a8adf.dir/CMakeCCompilerABI.c.o -lgcc --push-state --as-needed -lgcc_s --pop-state -lc -lgcc --push-state --as-needed -lgcc_s --pop-state /home/mustafa/x-tools/aarch64-rpi3-linux-gnu/lib/gcc/aarch64-rpi3-linux-gnu/13.2.0/crtend.o /home/mustafa/x-tools/aarch64-rpi3-linux-gnu/aarch64-rpi3-linux-gnu/sysroot/usr/lib/../lib64/crtn.o
COLLECT_GCC_OPTIONS='-v' '-o' 'cmTC_a8adf' '-mcpu=cortex-a53' '-mlittle-endian' '-mabi=lp64' '-dumpdir' 'cmTC_a8adf.'
gmake[1]: Leaving directory '/home/mustafa/Embedded_ITI_9M/Fady/CPP/Task5_CPP/build-rpi/CMakeFiles/CMakeTmp'



Parsed C implicit include dir info from above output: rv=done
  found start of include info
  found start of implicit include info
    add: [/home/mustafa/x-tools/aarch64-rpi3-linux-gnu/lib/gcc/aarch64-rpi3-linux-gnu/13.2.0/include]
    add: [/home/mustafa/x-tools/aarch64-rpi3-linux-gnu/lib/gcc/aarch64-rpi3-linux-gnu/13.2.0/include-fixed]
    add: [/home/mustafa/x-tools/aarch64-rpi3-linux-gnu/lib/gcc/aarch64-rpi3-linux-gnu/13.2.0/../../../../aarch64-rpi3-linux-gnu/include]
    add: [/home/mustafa/x-tools/aarch64-rpi3-linux-gnu/aarch64-rpi3-linux-gnu/sysroot/usr/include]
  end of search list found
  collapse include dir [/home/mustafa/x-tools/aarch64-rpi3-linux-gnu/lib/gcc/aarch64-rpi3-linux-gnu/13.2.0/include] ==> [/home/mustafa/x-tools/aarch64-rpi3-linux-gnu/lib/gcc/aarch64-rpi3-linux-gnu/13.2.0/include]
  collapse include dir [/home/mustafa/x-tools/aarch64-rpi3-linux-gnu/lib/gcc/aarch64-rpi3-linux-gnu/13.2.0/include-fixed] ==> [/home/mustafa/x-tools/aarch64-rpi3-linux-gnu/lib/gcc/aarch64-rpi3-linux-gnu/13.2.0/include-fixed]
  collapse include dir [/home/mustafa/x-tools/aarch64-rpi3-linux-gnu/lib/gcc/aarch64-rpi3-linux-gnu/13.2.0/../../../../aarch64-rpi3-linux-gnu/include] ==> [/home/mustafa/x-tools/aarch64-rpi3-linux-gnu/aarch64-rpi3-linux-gnu/include]
  collapse include dir [/home/mustafa/x-tools/aarch64-rpi3-linux-gnu/aarch64-rpi3-linux-gnu/sysroot/usr/include] ==> [/home/mustafa/x-tools/aarch64-rpi3-linux-gnu/aarch64-rpi3-linux-gnu/sysroot/usr/include]
  implicit include dirs: [/home/mustafa/x-tools/aarch64-rpi3-linux-gnu/lib/gcc/aarch64-rpi3-linux-gnu/13.2.0/include;/home/mustafa/x-tools/aarch64-rpi3-linux-gnu/lib/gcc/aarch64-rpi3-linux-gnu/13.2.0/include-fixed;/home/mustafa/x-tools/aarch64-rpi3-linux-gnu/aarch64-rpi3-linux-gnu/include;/home/mustafa/x-tools/aarch64-rpi3-linux-gnu/aarch64-rpi3-linux-gnu/sysroot/usr/include]


Parsed C implicit link information from above output:
  link line regex: [^( *|.*[/\])(aarch64-rpi3-linux-gnu-ld|CMAKE_LINK_STARTFILE-NOTFOUND|([^/\]+-)?ld|collect2)[^/\]*( |$)]
  ignore line: [Change Dir: /home/mustafa/Embedded_ITI_9M/Fady/CPP/Task5_CPP/build-rpi/CMakeFiles/CMakeTmp]
  ignore line: []
  ignore line: [Run Build Command(s):/usr/bin/gmake -f Makefile cmTC_a8adf/fast && /usr/bin/gmake  -f CMakeFiles/cmTC_a8adf.dir/build.make CMakeFiles/cmTC_a8adf.dir/build]
  ignore line: [gmake[1]: Entering directory '/home/mustafa/Embedded_ITI_9M/Fady/CPP/Task5_CPP/build-rpi/CMakeFiles/CMakeTmp']
  ignore line: [Building C object CMakeFiles/cmTC_a8adf.dir/CMakeCCompilerABI.c.o]
  ignore line: [/home/mustafa/x-tools/aarch64-rpi3-linux-gnu/bin/aarch64-rpi3-linux-gnu-gcc   -v -o CMakeFiles/cmTC_a8adf.dir/CMakeCCompilerABI.c.o -c /usr/share/cmake-3.22/Modules/CMakeCCompilerABI.c]
  ignore line: [Using built-in specs.]
  ignore line: [COLLECT_GCC=/home/mustafa/x-tools/aarch64-rpi3-linux-gnu/bin/aarch64-rpi3-linux-gnu-gcc]
  ignore line: [Target: aarch64-rpi3-linux-gnu]
  ignore line: [Configured with: /home/mustafa/crosscompile/crosstool-ng/.build/aarch64-rpi3-linux-gnu/src/gcc/configure --build=x86_64-build_pc-linux-gnu --host=x86_64-build_pc-linux-gnu --target=aarch64-rpi3-linux-gnu --prefix=/home/mustafa/x-tools/aarch64-rpi3-linux-gnu --exec_prefix=/home/mustafa/x-tools/aarch64-rpi3-linux-gnu --with-sysroot=/home/mustafa/x-tools/aarch64-rpi3-linux-gnu/aarch64-rpi3-linux-gnu/sysroot --enable-languages=c c++ --with-cpu=cortex-a53 --with-pkgversion='crosstool-NG 1.26.0_rc2' --enable-__cxa_atexit --disable-libmudflap --disable-libgomp --disable-libssp --disable-libquadmath --disable-libquadmath-support --disable-libsanitizer --disable-libmpx --with-gmp=/home/mustafa/crosscompile/crosstool-ng/.build/aarch64-rpi3-linux-gnu/buildtools --with-mpfr=/home/mustafa/crosscompile/crosstool-ng/.build/aarch64-rpi3-linux-gnu/buildtools --with-mpc=/home/mustafa/crosscompile/crosstool-ng/.build/aarch64-rpi3-linux-gnu/buildtools --with-isl=/home/mustafa/crosscompile/crosstool-ng/.build/aarch64-rpi3-linux-gnu/buildtools --enable-lto --enable-threads=posix --enable-target-optspace --enable-plugin --enable-gold --disable-nls --disable-multilib --with-local-prefix=/home/mustafa/x-tools/aarch64-rpi3-linux-gnu/aarch64-rpi3-linux-gnu/sysroot --enable-long-long]
  ignore line: [Thread model: posix]
  ignore line: [Supported LTO compression algorithms: zlib zstd]
  ignore line: [gcc version 13.2.0 (crosstool-NG 1.26.0_rc2) ]
  ignore line: [COLLECT_GCC_OPTIONS='-v' '-o' 'CMakeFiles/cmTC_a8adf.dir/CMakeCCompilerABI.c.o' '-c' '-mcpu=cortex-a53' '-mlittle-endian' '-mabi=lp64' '-dumpdir' 'CMakeFiles/cmTC_a8adf.dir/']
  ignore line: [ /home/mustafa/x-tools/aarch64-rpi3-linux-gnu/libexec/gcc/aarch64-rpi3-linux-gnu/13.2.0/cc1 -quiet -v /usr/share/cmake-3.22/Modules/CMakeCCompilerABI.c -quiet -dumpdir CMakeFiles/cmTC_a8adf.dir/ -dumpbase CMakeCCompilerABI.c.c -dumpbase-ext .c -mcpu=cortex-a53 -mlittle-endian -mabi=lp64 -version -o /tmp/ccxHXhav.s]
  ignore line: [GNU C17 (crosstool-NG 1.26.0_rc2) version 13.2.0 (aarch64-rpi3-linux-gnu)]
  ignore line: [	compiled by GNU C version 11.4.0  GMP version 6.2.1  MPFR version 4.2.1  MPC version 1.2.1  isl version isl-0.26-GMP]
  ignore line: []
  ignore line: [GGC heuristics: --param ggc-min-expand=100 --param ggc-min-heapsize=131072]
  ignore line: [ignoring nonexistent directory "/home/mustafa/x-tools/aarch64-rpi3-linux-gnu/aarch64-rpi3-linux-gnu/sysroot/home/mustafa/x-tools/aarch64-rpi3-linux-gnu/aarch64-rpi3-linux-gnu/sysroot/include"]
  ignore line: [#include "..." search starts here:]
  ignore line: [#include <...> search starts here:]
  ignore line: [ /home/mustafa/x-tools/aarch64-rpi3-linux-gnu/lib/gcc/aarch64-rpi3-linux-gnu/13.2.0/include]
  ignore line: [ /home/mustafa/x-tools/aarch64-rpi3-linux-gnu/lib/gcc/aarch64-rpi3-linux-gnu/13.2.0/include-fixed]
  ignore line: [ /home/mustafa/x-tools/aarch64-rpi3-linux-gnu/lib/gcc/aarch64-rpi3-linux-gnu/13.2.0/../../../../aarch64-rpi3-linux-gnu/include]
  ignore line: [ /home/mustafa/x-tools/aarch64-rpi3-linux-gnu/aarch64-rpi3-linux-gnu/sysroot/usr/include]
  ignore line: [End of search list.]
  ignore line: [Compiler executable checksum: 577a7ef06659ddf11272bd2df7b7ed87]
  ignore line: [COLLECT_GCC_OPTIONS='-v' '-o' 'CMakeFiles/cmTC_a8adf.dir/CMakeCCompilerABI.c.o' '-c' '-mcpu=cortex-a53' '-mlittle-endian' '-mabi=lp64' '-dumpdir' 'CMakeFiles/cmTC_a8adf.dir/']
  ignore line: [ /home/mustafa/x-tools/aarch64-rpi3-linux-gnu/lib/gcc/aarch64-rpi3-linux-gnu/13.2.0/../../../../aarch64-rpi3-linux-gnu/bin/as -v -EL -march=armv8-a+crc -mabi=lp64 -o CMakeFiles/cmTC_a8adf.dir/CMakeCCompilerABI.c.o /tmp/ccxHXhav.s]
  ignore line: [GNU assembler version 2.40 (aarch64-rpi3-linux-gnu) using BFD version (crosstool-NG 1.26.0_rc2) 2.40]
  ignore line: [COMPILER_PATH=/home/mustafa/x-tools/aarch64-rpi3-linux-gnu/libexec/gcc/aarch64-rpi3-linux-gnu/13.2.0/:/home/mustafa/x-tools/aarch64-rpi3-linux-gnu/libexec/gcc/aarch64-rpi3-linux-gnu/13.2.0/:/home/mustafa/x-tools/aarch64-rpi3-linux-gnu/libexec/gcc/aarch64-rpi3-linux-gnu/:/home/mustafa/x-tools/aarch64-rpi3-linux-gnu/lib/gcc/aarch64-rpi3-linux-gnu/13.2.0/:/home/mustafa/x-tools/aarch64-rpi3-linux-gnu/lib/gcc/aarch64-rpi3-linux-gnu/:/home/mustafa/x-tools/aarch64-rpi3-linux-gnu/lib/gcc/aarch64-rpi3-linux-gnu/13.2.0/../../../../aarch64-rpi3-linux-gnu/bin/]
  ignore line: [LIBRARY_PATH=/home/mustafa/x-tools/aarch64-rpi3-linux-gnu/lib/gcc/aarch64-rpi3-linux-gnu/13.2.0/:/home/mustafa/x-tools/aarch64-rpi3-linux-gnu/lib/gcc/aarch64-rpi3-linux-gnu/13.2.0/../../../../aarch64-rpi3-linux-gnu/lib/../lib64/:/home/mustafa/x-tools/aarch64-rpi3-linux-gnu/aarch64-rpi3-linux-gnu/sysroot/lib/../lib64/:/home/mustafa/x-tools/aarch64-rpi3-linux-gnu/aarch64-rpi3-linux-gnu/sysroot/usr/lib/../lib64/:/home/mustafa/x-tools/aarch64-rpi3-linux-gnu/lib/gcc/aarch64-rpi3-linux-gnu/13.2.0/../../../../aarch64-rpi3-linux-gnu/lib/:/home/mustafa/x-tools/aarch64-rpi3-linux-gnu/aarch64-rpi3-linux-gnu/sysroot/lib/:/home/mustafa/x-tools/aarch64-rpi3-linux-gnu/aarch64-rpi3-linux-gnu/sysroot/usr/lib/]
  ignore line: [COLLECT_GCC_OPTIONS='-v' '-o' 'CMakeFiles/cmTC_a8adf.dir/CMakeCCompilerABI.c.o' '-c' '-mcpu=cortex-a53' '-mlittle-endian' '-mabi=lp64' '-dumpdir' 'CMakeFiles/cmTC_a8adf.dir/CMakeCCompilerABI.c.']
  ignore line: [Linking C executable cmTC_a8adf]
  ignore line: [/usr/bin/cmake -E cmake_link_script CMakeFiles/cmTC_a8adf.dir/link.txt --verbose=1]
  ignore line: [/home/mustafa/x-tools/aarch64-rpi3-linux-gnu/bin/aarch64-rpi3-linux-gnu-gcc  -v CMakeFiles/cmTC_a8adf.dir/CMakeCCompilerABI.c.o -o cmTC_a8adf ]
  ignore line: [Using built-in specs.]
  ignore line: [COLLECT_GCC=/home/mustafa/x-tools/aarch64-rpi3-linux-gnu/bin/aarch64-rpi3-linux-gnu-gcc]
  ignore line: [COLLECT_LTO_WRAPPER=/home/mustafa/x-tools/aarch64-rpi3-linux-gnu/libexec/gcc/aarch64-rpi3-linux-gnu/13.2.0/lto-wrapper]
  ignore line: [Target: aarch64-rpi3-linux-gnu]
  ignore line: [Configured with: /home/mustafa/crosscompile/crosstool-ng/.build/aarch64-rpi3-linux-gnu/src/gcc/configure --build=x86_64-build_pc-linux-gnu --host=x86_64-build_pc-linux-gnu --target=aarch64-rpi3-linux-gnu --prefix=/home/mustafa/x-tools/aarch64-rpi3-linux-gnu --exec_prefix=/home/mustafa/x-tools/aarch64-rpi3-linux-gnu --with-sysroot=/home/mustafa/x-tools/aarch64-rpi3-linux-gnu/aarch64-rpi3-linux-gnu/sysroot --enable-languages=c c++ --with-cpu=cortex-a53 --with-pkgversion='crosstool-NG 1.26.0_rc2' --enable-__cxa_atexit --disable-libmudflap --disable-libgomp --disable-libssp --disable-libquadmath --disable-libquadmath-support --disable-libsanitizer --disable-libmpx --with-gmp=/home/mustafa/crosscompile/crosstool-ng/.build/aarch64-rpi3-linux-gnu/buildtools --with-mpfr=/home/mustafa/crosscompile/crosstool-ng/.build/aarch64-rpi3-linux-gnu/buildtools --with-mpc=/home/mustafa/crosscompile/crosstool-ng/.build/aarch64-rpi3-linux-gnu/buildtools --with-isl=/home/mustafa/crosscompile/crosstool-ng/.build/aarch64-rpi3-linux-gnu/buildtools --enable-lto --enable-threads=posix --enable-target-optspace --enable-plugin --enable-gold --disable-nls --disable-multilib --with-local-prefix=/home/mustafa/x-tools/aarch64-rpi3-linux-gnu/aarch64-rpi3-linux-gnu/sysroot --enable-long-long]
  ignore line: [Thread model: posix]
  ignore line: [Supported LTO compression algorithms: zlib zstd]
  ignore line: [gcc version 13.2.0 (crosstool-NG 1.26.0_rc2) ]
  ignore line: [COMPILER_PATH=/home/mustafa/x-tools/aarch64-rpi3-linux-gnu/libexec/gcc/aarch64-rpi3-linux-gnu/13.2.0/:/home/mustafa/x-tools/aarch64-rpi3-linux-gnu/libexec/gcc/aarch64-rpi3-linux-gnu/13.2.0/:/home/mustafa/x-tools/aarch64-rpi3-linux-gnu/libexec/gcc/aarch64-rpi3-linux-gnu/:/home/mustafa/x-tools/aarch64-rpi3-linux-gnu/lib/gcc/aarch64-rpi3-linux-gnu/13.2.0/:/home/mustafa/x-tools/aarch64-rpi3-linux-gnu/lib/gcc/aarch64-rpi3-linux-gnu/:/home/mustafa/x-tools/aarch64-rpi3-linux-gnu/lib/gcc/aarch64-rpi3-linux-gnu/13.2.0/../../../../aarch64-rpi3-linux-gnu/bin/]
  ignore line: [LIBRARY_PATH=/home/mustafa/x-tools/aarch64-rpi3-linux-gnu/lib/gcc/aarch64-rpi3-linux-gnu/13.2.0/:/home/mustafa/x-tools/aarch64-rpi3-linux-gnu/lib/gcc/aarch64-rpi3-linux-gnu/13.2.0/../../../../aarch64-rpi3-linux-gnu/lib/../lib64/:/home/mustafa/x-tools/aarch64-rpi3-linux-gnu/aarch64-rpi3-linux-gnu/sysroot/lib/../lib64/:/home/mustafa/x-tools/aarch64-rpi3-linux-gnu/aarch64-rpi3-linux-gnu/sysroot/usr/lib/../lib64/:/home/mustafa/x-tools/aarch64-rpi3-linux-gnu/lib/gcc/aarch64-rpi3-linux-gnu/13.2.0/../../../../aarch64-rpi3-linux-gnu/lib/:/home/mustafa/x-tools/aarch64-rpi3-linux-gnu/aarch64-rpi3-linux-gnu/sysroot/lib/:/home/mustafa/x-tools/aarch64-rpi3-linux-gnu/aarch64-rpi3-linux-gnu/sysroot/usr/lib/]
  ignore line: [COLLECT_GCC_OPTIONS='-v' '-o' 'cmTC_a8adf' '-mcpu=cortex-a53' '-mlittle-endian' '-mabi=lp64' '-dumpdir' 'cmTC_a8adf.']
  link line: [ /home/mustafa/x-tools/aarch64-rpi3-linux-gnu/libexec/gcc/aarch64-rpi3-linux-gnu/13.2.0/collect2 -plugin /home/mustafa/x-tools/aarch64-rpi3-linux-gnu/libexec/gcc/aarch64-rpi3-linux-gnu/13.2.0/liblto_plugin.so -plugin-opt=/home/mustafa/x-tools/aarch64-rpi3-linux-gnu/libexec/gcc/aarch64-rpi3-linux-gnu/13.2.0/lto-wrapper -plugin-opt=-fresolution=/tmp/ccIY0DRs.res -plugin-opt=-pass-through=-lgcc -plugin-opt=-pass-through=-lgcc_s -plugin-opt=-pass-through=-lc -plugin-opt=-pass-through=-lgcc -plugin-opt=-pass-through=-lgcc_s --sysroot=/home/mustafa/x-tools/aarch64-rpi3-linux-gnu/aarch64-rpi3-linux-gnu/sysroot --eh-frame-hdr -dynamic-linker /lib/ld-linux-aarch64.so.1 -X -EL -maarch64linux -o cmTC_a8adf /home/mustafa/x-tools/aarch64-rpi3-linux-gnu/aarch64-rpi3-linux-gnu/sysroot/usr/lib/../lib64/crt1.o /home/mustafa/x-tools/aarch64-rpi3-linux-gnu/aarch64-rpi3-linux-gnu/sysroot/usr/lib/../lib64/crti.o /home/mustafa/x-tools/aarch64-rpi3-linux-gnu/lib/gcc/aarch64-rpi3-linux-gnu/13.2.0/crtbegin.o -L/home/mustafa/x-tools/aarch64-rpi3-linux-gnu/lib/gcc/aarch64-rpi3-linux-gnu/13.2.0 -L/home/mustafa/x-tools/aarch64-rpi3-linux-gnu/lib/gcc/aarch64-rpi3-linux-gnu/13.2.0/../../../../aarch64-rpi3-linux-gnu/lib/../lib64 -L/home/mustafa/x-tools/aarch64-rpi3-linux-gnu/aarch64-rpi3-linux-gnu/sysroot/lib/../lib64 -L/home/mustafa/x-tools/aarch64-rpi3-linux-gnu/aarch64-rpi3-linux-gnu/sysroot/usr/lib/../lib64 -L/home/mustafa/x-tools/aarch64-rpi3-linux-gnu/lib/gcc/aarch64-rpi3-linux-gnu/13.2.0/../../../../aarch64-rpi3-linux-gnu/lib -L/home/mustafa/x-tools/aarch64-rpi3-linux-gnu/aarch64-rpi3-linux-gnu/sysroot/lib -L/home/mustafa/x-tools/aarch64-rpi3-linux-gnu/aarch64-rpi3-linux-gnu/sysroot/usr/lib CMakeFiles/cmTC_a8adf.dir/CMakeCCompilerABI.c.o -lgcc --push-state --as-needed -lgcc_s --pop-state -lc -lgcc --push-state --as-needed -lgcc_s --pop-state /home/mustafa/x-tools/aarch64-rpi3-linux-gnu/lib/gcc/aarch64-rpi3-linux-gnu/13.2.0/crtend.o /home/mustafa/x-tools/aarch64-rpi3-linux-gnu/aarch64-rpi3-linux-gnu/sysroot/usr/lib/../lib64/crtn.o]
    arg [/home/mustafa/x-tools/aarch64-rpi3-linux-gnu/libexec/gcc/aarch64-rpi3-linux-gnu/13.2.0/collect2] ==> ignore
    arg [-plugin] ==> ignore
    arg [/home/mustafa/x-tools/aarch64-rpi3-linux-gnu/libexec/gcc/aarch64-rpi3-linux-gnu/13.2.0/liblto_plugin.so] ==> ignore
    arg [-plugin-opt=/home/mustafa/x-tools/aarch64-rpi3-linux-gnu/libexec/gcc/aarch64-rpi3-linux-gnu/13.2.0/lto-wrapper] ==> ignore
    arg [-plugin-opt=-fresolution=/tmp/ccIY0DRs.res] ==> ignore
    arg [-plugin-opt=-pass-through=-lgcc] ==> ignore
    arg [-plugin-opt=-pass-through=-lgcc_s] ==> ignore
    arg [-plugin-opt=-pass-through=-lc] ==> ignore
    arg [-plugin-opt=-pass-through=-lgcc] ==> ignore
    arg [-plugin-opt=-pass-through=-lgcc_s] ==> ignore
    arg [--sysroot=/home/mustafa/x-tools/aarch64-rpi3-linux-gnu/aarch64-rpi3-linux-gnu/sysroot] ==> ignore
    arg [--eh-frame-hdr] ==> ignore
    arg [-dynamic-linker] ==> ignore
    arg [/lib/ld-linux-aarch64.so.1] ==> ignore
    arg [-X] ==> ignore
    arg [-EL] ==> ignore
    arg [-maarch64linux] ==> ignore
    arg [-o] ==> ignore
    arg [cmTC_a8adf] ==> ignore
    arg [/home/mustafa/x-tools/aarch64-rpi3-linux-gnu/aarch64-rpi3-linux-gnu/sysroot/usr/lib/../lib64/crt1.o] ==> obj [/home/mustafa/x-tools/aarch64-rpi3-linux-gnu/aarch64-rpi3-linux-gnu/sysroot/usr/lib/../lib64/crt1.o]
    arg [/home/mustafa/x-tools/aarch64-rpi3-linux-gnu/aarch64-rpi3-linux-gnu/sysroot/usr/lib/../lib64/crti.o] ==> obj [/home/mustafa/x-tools/aarch64-rpi3-linux-gnu/aarch64-rpi3-linux-gnu/sysroot/usr/lib/../lib64/crti.o]
    arg [/home/mustafa/x-tools/aarch64-rpi3-linux-gnu/lib/gcc/aarch64-rpi3-linux-gnu/13.2.0/crtbegin.o] ==> obj [/home/mustafa/x-tools/aarch64-rpi3-linux-gnu/lib/gcc/aarch64-rpi3-linux-gnu/13.2.0/crtbegin.o]
    arg [-L/home/mustafa/x-tools/aarch64-rpi3-linux-gnu/lib/gcc/aarch64-rpi3-linux-gnu/13.2.0] ==> dir [/home/mustafa/x-tools/aarch64-rpi3-linux-gnu/lib/gcc/aarch64-rpi3-linux-gnu/13.2.0]
    arg [-L/home/mustafa/x-tools/aarch64-rpi3-linux-gnu/lib/gcc/aarch64-rpi3-linux-gnu/13.2.0/../../../../aarch64-rpi3-linux-gnu/lib/../lib64] ==> dir [/home/mustafa/x-tools/aarch64-rpi3-linux-gnu/lib/gcc/aarch64-rpi3-linux-gnu/13.2.0/../../../../aarch64-rpi3-linux-gnu/lib/../lib64]
    arg [-L/home/mustafa/x-tools/aarch64-rpi3-linux-gnu/aarch64-rpi3-linux-gnu/sysroot/lib/../lib64] ==> dir [/home/mustafa/x-tools/aarch64-rpi3-linux-gnu/aarch64-rpi3-linux-gnu/sysroot/lib/../lib64]
    arg [-L/home/mustafa/x-tools/aarch64-rpi3-linux-gnu/aarch64-rpi3-linux-gnu/sysroot/usr/lib/../lib64] ==> dir [/home/mustafa/x-tools/aarch64-rpi3-linux-gnu/aarch64-rpi3-linux-gnu/sysroot/usr/lib/../lib64]
    arg [-L/home/mustafa/x-tools/aarch64-rpi3-linux-gnu/lib/gcc/aarch64-rpi3-linux-gnu/13.2.0/../../../../aarch64-rpi3-linux-gnu/lib] ==> dir [/home/mustafa/x-tools/aarch64-rpi3-linux-gnu/lib/gcc/aarch64-rpi3-linux-gnu/13.2.0/../../../../aarch64-rpi3-linux-gnu/lib]
    arg [-L/home/mustafa/x-tools/aarch64-rpi3-linux-gnu/aarch64-rpi3-linux-gnu/sysroot/lib] ==> dir [/home/mustafa/x-tools/aarch64-rpi3-linux-gnu/aarch64-rpi3-linux-gnu/sysroot/lib]
    arg [-L/home/mustafa/x-tools/aarch64-rpi3-linux-gnu/aarch64-rpi3-linux-gnu/sysroot/usr/lib] ==> dir [/home/mustafa/x-tools/aarch64-rpi3-linux-gnu/aarch64-rpi3-linux-gnu/sysroot/usr/lib]
    arg [CMakeFiles/cmTC_a8adf.dir/CMakeCCompilerABI.c.o] ==> ignore
    arg [-lgcc] ==> lib [gcc]
    arg [--push-state] ==> ignore
    arg [--as-needed] ==> ignore
    arg [-lgcc_s] ==> lib [gcc_s]
    arg [--pop-state] ==> ignore
    arg [-lc] ==> lib [c]
    arg [-lgcc] ==> lib [gcc]
    arg [--push-state] ==> ignore
    arg [--as-needed] ==> ignore
    arg [-lgcc_s] ==> lib [gcc_s]
    arg [--pop-state] ==> ignore
    arg [/home/mustafa/x-tools/aarch64-rpi3-linux-gnu/lib/gcc/aarch64-rpi3-linux-gnu/13.2.0/crtend.o] ==> obj [/home/mustafa/x-tools/aarch64-rpi3-linux-gnu/lib/gcc/aarch64-rpi3-linux-gnu/13.2.0/crtend.o]
    arg [/home/mustafa/x-tools/aarch64-rpi3-linux-gnu/aarch64-rpi3-linux-gnu/sysroot/usr/lib/../lib64/crtn.o] ==> obj [/home/mustafa/x-tools/aarch64-rpi3-linux-gnu/aarch64-rpi3-linux-gnu/sysroot/usr/lib/../lib64/crtn.o]
  collapse obj [/home/mustafa/x-tools/aarch64-rpi3-linux-gnu/aarch64-rpi3-linux-gnu/sysroot/usr/lib/../lib64/crt1.o] ==> [/home/mustafa/x-tools/aarch64-rpi3-linux-gnu/aarch64-rpi3-linux-gnu/sysroot/usr/lib64/crt1.o]
  collapse obj [/home/mustafa/x-tools/aarch64-rpi3-linux-gnu/aarch64-rpi3-linux-gnu/sysroot/usr/lib/../lib64/crti.o] ==> [/home/mustafa/x-tools/aarch64-rpi3-linux-gnu/aarch64-rpi3-linux-gnu/sysroot/usr/lib64/crti.o]
  collapse obj [/home/mustafa/x-tools/aarch64-rpi3-linux-gnu/aarch64-rpi3-linux-gnu/sysroot/usr/lib/../lib64/crtn.o] ==> [/home/mustafa/x-tools/aarch64-rpi3-linux-gnu/aarch64-rpi3-linux-gnu/sysroot/usr/lib64/crtn.o]
  collapse library dir [/home/mustafa/x-tools/aarch64-rpi3-linux-gnu/lib/gcc/aarch64-rpi3-linux-gnu/13.2.0] ==> [/home/mustafa/x-tools/aarch64-rpi3-linux-gnu/lib/gcc/aarch64-rpi3-linux-gnu/13.2.0]
  collapse library dir [/home/mustafa/x-tools/aarch64-rpi3-linux-gnu/lib/gcc/aarch64-rpi3-linux-gnu/13.2.0/../../../../aarch64-rpi3-linux-gnu/lib/../lib64] ==> [/home/mustafa/x-tools/aarch64-rpi3-linux-gnu/aarch64-rpi3-linux-gnu/lib64]
  collapse library dir [/home/mustafa/x-tools/aarch64-rpi3-linux-gnu/aarch64-rpi3-linux-gnu/sysroot/lib/../lib64] ==> [/home/mustafa/x-tools/aarch64-rpi3-linux-gnu/aarch64-rpi3-linux-gnu/sysroot/lib64]
  collapse library dir [/home/mustafa/x-tools/aarch64-rpi3-linux-gnu/aarch64-rpi3-linux-gnu/sysroot/usr/lib/../lib64] ==> [/home/mustafa/x-tools/aarch64-rpi3-linux-gnu/aarch64-rpi3-linux-gnu/sysroot/usr/lib64]
  collapse library dir [/home/mustafa/x-tools/aarch64-rpi3-linux-gnu/lib/gcc/aarch64-rpi3-linux-gnu/13.2.0/../../../../aarch64-rpi3-linux-gnu/lib] ==> [/home/mustafa/x-tools/aarch64-rpi3-linux-gnu/aarch64-rpi3-linux-gnu/lib]
  collapse library dir [/home/mustafa/x-tools/aarch64-rpi3-linux-gnu/aarch64-rpi3-linux-gnu/sysroot/lib] ==> [/home/mustafa/x-tools/aarch64-rpi3-linux-gnu/aarch64-rpi3-linux-gnu/sysroot/lib]
  collapse library dir [/home/mustafa/x-tools/aarch64-rpi3-linux-gnu/aarch64-rpi3-linux-gnu/sysroot/usr/lib] ==> [/home/mustafa/x-tools/aarch64-rpi3-linux-gnu/aarch64-rpi3-linux-gnu/sysroot/usr/lib]
  implicit libs: [gcc;gcc_s;c;gcc;gcc_s]
  implicit objs: [/home/mustafa/x-tools/aarch64-rpi3-linux-gnu/aarch64-rpi3-linux-gnu/sysroot/usr/lib64/crt1.o;/home/mustafa/x-tools/aarch64-rpi3-linux-gnu/aarch64-rpi3-linux-gnu/sysroot/usr/lib64/crti.o;/home/mustafa/x-tools/aarch64-rpi3-linux-gnu/lib/gcc/aarch64-rpi3-linux-gnu/13.2.0/crtbegin.o;/home/mustafa/x-tools/aarch64-rpi3-linux-gnu/lib/gcc/aarch64-rpi3-linux-gnu/13.2.0/crtend.o;/home/mustafa/x-tools/aarch64-rpi3-linux-gnu/aarch64-rpi3-linux-gnu/sysroot/usr/lib64/crtn.o]
  implicit dirs: [/home/mustafa/x-tools/aarch64-rpi3-linux-gnu/lib/gcc/aarch64-rpi3-linux-gnu/13.2.0;/home/mustafa/x-tools/aarch64-rpi3-linux-gnu/aarch64-rpi3-linux-gnu/lib64;/home/mustafa/x-tools/aarch64-rpi3-linux-gnu/aarch64-rpi3-linux-gnu/sysroot/lib64;/home/mustafa/x-tools/aarch64-rpi3-linux-gnu/aarch64-rpi3-linux-gnu/sysroot/usr/lib64;/home/mustafa/x-tools/aarch64-rpi3-linux-gnu/aarch64-rpi3-linux-gnu/lib;/home/mustafa/x-tools/aarch64-rpi3-linux-gnu/aarch64-rpi3-linux-gnu/sysroot/lib;/home/mustafa/x-tools/aarch64-rpi3-linux-gnu/aarch64-rpi3-linux-gnu/sysroot/usr/lib]
  implicit fwks: []


Detecting CXX compiler ABI info compiled with the following output:
Change Dir: /home/mustafa/Embedded_ITI_9M/Fady/CPP/Task5_CPP/build-rpi/CMakeFiles/CMakeTmp

Run Build Command(s):/usr/bin/gmake -f Makefile cmTC_466cd/fast && /usr/bin/gmake  -f CMakeFiles/cmTC_466cd.dir/build.make CMakeFiles/cmTC_466cd.dir/build
gmake[1]: Entering directory '/home/mustafa/Embedded_ITI_9M/Fady/CPP/Task5_CPP/build-rpi/CMakeFiles/CMakeTmp'
Building CXX object CMakeFiles/cmTC_466cd.dir/CMakeCXXCompilerABI.cpp.o
/home/mustafa/x-tools/aarch64-rpi3-linux-gnu/bin/aarch64-rpi3-linux-gnu-g++   -v -o CMakeFiles/cmTC_466cd.dir/CMakeCXXCompilerABI.cpp.o -c /usr/share/cmake-3.22/Modules/CMakeCXXCompilerABI.cpp
Using built-in specs.
COLLECT_GCC=/home/mustafa/x-tools/aarch64-rpi3-linux-gnu/bin/aarch64-rpi3-linux-gnu-g++
Target: aarch64-rpi3-linux-gnu
Configured with: /home/mustafa/crosscompile/crosstool-ng/.build/aarch64-rpi3-linux-gnu/src/gcc/configure --build=x86_64-build_pc-linux-gnu --host=x86_64-build_pc-linux-gnu --target=aarch64-rpi3-linux-gnu --prefix=/home/mustafa/x-tools/aarch64-rpi3-linux-gnu --exec_prefix=/home/mustafa/x-tools/aarch64-rpi3-linux-gnu --with-sysroot=/home/mustafa/x-tools/aarch64-rpi3-linux-gnu/aarch64-rpi3-linux-gnu/sysroot --enable-languages=c,c++ --with-cpu=cortex-a53 --with-pkgversion='crosstool-NG 1.26.0_rc2' --enable-__cxa_atexit --disable-libmudflap --disable-libgomp --disable-libssp --disable-libquadmath --disable-libquadmath-support --disable-libsanitizer --disable-libmpx --with-gmp=/home/mustafa/crosscompile/crosstool-ng/.build/aarch64-rpi3-linux-gnu/buildtools --with-mpfr=/home/mustafa/crosscompile/crosstool-ng/.build/aarch64-rpi3-linux-gnu/buildtools --with-mpc=/home/mustafa/crosscompile/crosstool-ng/.build/aarch64-rpi3-linux-gnu/buildtools --with-isl=/home/mustafa/crosscompile/crosstool-ng/.build/aarch64-rpi3-linux-gnu/buildtools --enable-lto --enable-threads=posix --enable-target-optspace --enable-plugin --enable-gold --disable-nls --disable-multilib --with-local-prefix=/home/mustafa/x-tools/aarch64-rpi3-linux-gnu/aarch64-rpi3-linux-gnu/sysroot --enable-long-long
Thread model: posix
Supported LTO compression algorithms: zlib zstd
gcc version 13.2.0 (crosstool-NG 1.26.0_rc2) 
COLLECT_GCC_OPTIONS='-v' '-o' 'CMakeFiles/cmTC_466cd.dir/CMakeCXXCompilerABI.cpp.o' '-c' '-shared-libgcc' '-mcpu=cortex-a53' '-mlittle-endian' '-mabi=lp64' '-dumpdir' 'CMakeFiles/cmTC_466cd.dir/'
 /home/mustafa/x-tools/aarch64-rpi3-linux-gnu/libexec/gcc/aarch64-rpi3-linux-gnu/13.2.0/cc1plus -quiet -v -D_GNU_SOURCE /usr/share/cmake-3.22/Modules/CMakeCXXCompilerABI.cpp -quiet -dumpdir CMakeFiles/cmTC_466cd.dir/ -dumpbase CMakeCXXCompilerABI.cpp.cpp -dumpbase-ext .cpp -mcpu=cortex-a53 -mlittle-endian -mabi=lp64 -version -o /tmp/ccV73lGn.s
GNU C++17 (crosstool-NG 1.26.0_rc2) version 13.2.0 (aarch64-rpi3-linux-gnu)
	compiled by GNU C version 11.4.0, GMP version 6.2.1, MPFR version 4.2.1, MPC version 1.2.1, isl version isl-0.26-GMP

GGC heuristics: --param ggc-min-expand=100 --param ggc-min-heapsize=131072
ignoring nonexistent directory "/home/mustafa/x-tools/aarch64-rpi3-linux-gnu/aarch64-rpi3-linux-gnu/sysroot/home/mustafa/x-tools/aarch64-rpi3-linux-gnu/aarch64-rpi3-linux-gnu/sysroot/include"
#include "..." search starts here:
#include <...> search starts here:
 /home/mustafa/x-tools/aarch64-rpi3-linux-gnu/lib/gcc/aarch64-rpi3-linux-gnu/13.2.0/../../../../aarch64-rpi3-linux-gnu/include/c++/13.2.0
 /home/mustafa/x-tools/aarch64-rpi3-linux-gnu/lib/gcc/aarch64-rpi3-linux-gnu/13.2.0/../../../../aarch64-rpi3-linux-gnu/include/c++/13.2.0/aarch64-rpi3-linux-gnu
 /home/mustafa/x-tools/aarch64-rpi3-linux-gnu/lib/gcc/aarch64-rpi3-linux-gnu/13.2.0/../../../../aarch64-rpi3-linux-gnu/include/c++/13.2.0/backward
 /home/mustafa/x-tools/aarch64-rpi3-linux-gnu/lib/gcc/aarch64-rpi3-linux-gnu/13.2.0/include
 /home/mustafa/x-tools/aarch64-rpi3-linux-gnu/lib/gcc/aarch64-rpi3-linux-gnu/13.2.0/include-fixed
 /home/mustafa/x-tools/aarch64-rpi3-linux-gnu/lib/gcc/aarch64-rpi3-linux-gnu/13.2.0/../../../../aarch64-rpi3-linux-gnu/include
 /home/mustafa/x-tools/aarch64-rpi3-linux-gnu/aarch64-rpi3-linux-gnu/sysroot/usr/include
End of search list.
Compiler executable checksum: 1f404c13bde770ca3f1687ca2497e50e
COLLECT_GCC_OPTIONS='-v' '-o' 'CMakeFiles/cmTC_466cd.dir/CMakeCXXCompilerABI.cpp.o' '-c' '-shared-libgcc' '-mcpu=cortex-a53' '-mlittle-endian' '-mabi=lp64' '-dumpdir' 'CMakeFiles/cmTC_466cd.dir/'
 /home/mustafa/x-tools/aarch64-rpi3-linux-gnu/lib/gcc/aarch64-rpi3-linux-gnu/13.2.0/../../../../aarch64-rpi3-linux-gnu/bin/as -v -EL -march=armv8-a+crc -mabi=lp64 -o CMakeFiles/cmTC_466cd.dir/CMakeCXXCompilerABI.cpp.o /tmp/ccV73lGn.s
GNU assembler version 2.40 (aarch64-rpi3-linux-gnu) using BFD version (crosstool-NG 1.26.0_rc2) 2.40
COMPILER_PATH=/home/mustafa/x-tools/aarch64-rpi3-linux-gnu/libexec/gcc/aarch64-rpi3-linux-gnu/13.2.0/:/home/mustafa/x-tools/aarch64-rpi3-linux-gnu/libexec/gcc/aarch64-rpi3-linux-gnu/13.2.0/:/home/mustafa/x-tools/aarch64-rpi3-linux-gnu/libexec/gcc/aarch64-rpi3-linux-gnu/:/home/mustafa/x-tools/aarch64-rpi3-linux-gnu/lib/gcc/aarch64-rpi3-linux-gnu/13.2.0/:/home/mustafa/x-tools/aarch64-rpi3-linux-gnu/lib/gcc/aarch64-rpi3-linux-gnu/:/home/mustafa/x-tools/aarch64-rpi3-linux-gnu/lib/gcc/aarch64-rpi3-linux-gnu/13.2.0/../../../../aarch64-rpi3-linux-gnu/bin/
LIBRARY_PATH=/home/mustafa/x-tools/aarch64-rpi3-linux-gnu/lib/gcc/aarch64-rpi3-linux-gnu/13.2.0/:/home/mustafa/x-tools/aarch64-rpi3-linux-gnu/lib/gcc/aarch64-rpi3-linux-gnu/13.2.0/../../../../aarch64-rpi3-linux-gnu/lib/../lib64/:/home/mustafa/x-tools/aarch64-rpi3-linux-gnu/aarch64-rpi3-linux-gnu/sysroot/lib/../lib64/:/home/mustafa/x-tools/aarch64-rpi3-linux-gnu/aarch64-rpi3-linux-gnu/sysroot/usr/lib/../lib64/:/home/mustafa/x-tools/aarch64-rpi3-linux-gnu/lib/gcc/aarch64-rpi3-linux-gnu/13.2.0/../../../../aarch64-rpi3-linux-gnu/lib/:/home/mustafa/x-tools/aarch64-rpi3-linux-gnu/aarch64-rpi3-linux-gnu/sysroot/lib/:/home/mustafa/x-tools/aarch64-rpi3-linux-gnu/aarch64-rpi3-linux-gnu/sysroot/usr/lib/
COLLECT_GCC_OPTIONS='-v' '-o' 'CMakeFiles/cmTC_466cd.dir/CMakeCXXCompilerABI.cpp.o' '-c' '-shared-libgcc' '-mcpu=cortex-a53' '-mlittle-endian' '-mabi=lp64' '-dumpdir' 'CMakeFiles/cmTC_466cd.dir/CMakeCXXCompilerABI.cpp.'
Linking CXX executable cmTC_466cd
/usr/bin/cmake -E cmake_link_script CMakeFiles/cmTC_466cd.dir/link.txt --verbose=1
/home/mustafa/x-tools/aarch64-rpi3-linux-gnu/bin/aarch64-rpi3-linux-gnu-g++  -v CMakeFiles/cmTC_466cd.dir/CMakeCXXCompilerABI.cpp.o -o cmTC_466cd 
Using built-in specs.
COLLECT_GCC=/home/mustafa/x-tools/aarch64-rpi3-linux-gnu/bin/aarch64-rpi3-linux-gnu-g++
COLLECT_LTO_WRAPPER=/home/mustafa/x-tools/aarch64-rpi3-linux-gnu/libexec/gcc/aarch64-rpi3-linux-gnu/13.2.0/lto-wrapper
Target: aarch64-rpi3-linux-gnu
Configured with: /home/mustafa/crosscompile/crosstool-ng/.build/aarch64-rpi3-linux-gnu/src/gcc/configure --build=x86_64-build_pc-linux-gnu --host=x86_64-build_pc-linux-gnu --target=aarch64-rpi3-linux-gnu --prefix=/home/mustafa/x-tools/aarch64-rpi3-linux-gnu --exec_prefix=/home/mustafa/x-tools/aarch64-rpi3-linux-gnu --with-sysroot=/home/mustafa/x-tools/aarch64-rpi3-linux-gnu/aarch64-rpi3-linux-gnu/sysroot --enable-languages=c,c++ --with-cpu=cortex-a53 --with-pkgversion='crosstool-NG 1.26.0_rc2' --enable-__cxa_atexit --disable-libmudflap --disable-libgomp --disable-libssp --disable-libquadmath --disable-libquadmath-support --disable-libsanitizer --disable-libmpx --with-gmp=/home/mustafa/crosscompile/crosstool-ng/.build/aarch64-rpi3-linux-gnu/buildtools --with-mpfr=/home/mustafa/crosscompile/crosstool-ng/.build/aarch64-rpi3-linux-gnu/buildtools --with-mpc=/home/mustafa/crosscompile/crosstool-ng/.build/aarch64-rpi3-linux-gnu/buildtools --with-isl=/home/mustafa/crosscompile/crosstool-ng/.build/aarch64-rpi3-linux-gnu/buildtools --enable-lto --enable-threads=posix --enable-target-optspace --enable-plugin --enable-gold --disable-nls --disable-multilib --with-local-prefix=/home/mustafa/x-tools/aarch64-rpi3-linux-gnu/aarch64-rpi3-linux-gnu/sysroot --enable-long-long
Thread model: posix
Supported LTO compression algorithms: zlib zstd
gcc version 13.2.0 (crosstool-NG 1.26.0_rc2) 
COMPILER_PATH=/home/mustafa/x-tools/aarch64-rpi3-linux-gnu/libexec/gcc/aarch64-rpi3-linux-gnu/13.2.0/:/home/mustafa/x-tools/aarch64-rpi3-linux-gnu/libexec/gcc/aarch64-rpi3-linux-gnu/13.2.0/:/home/mustafa/x-tools/aarch64-rpi3-linux-gnu/libexec/gcc/aarch64-rpi3-linux-gnu/:/home/mustafa/x-tools/aarch64-rpi3-linux-gnu/lib/gcc/aarch64-rpi3-linux-gnu/13.2.0/:/home/mustafa/x-tools/aarch64-rpi3-linux-gnu/lib/gcc/aarch64-rpi3-linux-gnu/:/home/mustafa/x-tools/aarch64-rpi3-linux-gnu/lib/gcc/aarch64-rpi3-linux-gnu/13.2.0/../../../../aarch64-rpi3-linux-gnu/bin/
LIBRARY_PATH=/home/mustafa/x-tools/aarch64-rpi3-linux-gnu/lib/gcc/aarch64-rpi3-linux-gnu/13.2.0/:/home/mustafa/x-tools/aarch64-rpi3-linux-gnu/lib/gcc/aarch64-rpi3-linux-gnu/13.2.0/../../../../aarch64-rpi3-linux-gnu/lib/../lib64/:/home/mustafa/x-tools/aarch64-rpi3-linux-gnu/aarch64-rpi3-linux-gnu/sysroot/lib/../lib64/:/home/mustafa/x-tools/aarch64-rpi3-linux-gnu/aarch64-rpi3-linux-gnu/sysroot/usr/lib/../lib64/:/home/mustafa/x-tools/aarch64-rpi3-linux-gnu/lib/gcc/aarch64-rpi3-linux-gnu/13.2.0/../../../../aarch64-rpi3-linux-gnu/lib/:/home/mustafa/x-tools/aarch64-rpi3-linux-gnu/aarch64-rpi3-linux-gnu/sysroot/lib/:/home/mustafa/x-tools/aarch64-rpi3-linux-gnu/aarch64-rpi3-linux-gnu/sysroot/usr/lib/
COLLECT_GCC_OPTIONS='-v' '-o' 'cmTC_466cd' '-shared-libgcc' '-mcpu=cortex-a53' '-mlittle-endian' '-mabi=lp64' '-dumpdir' 'cmTC_466cd.'
 /home/mustafa/x-tools/aarch64-rpi3-linux-gnu/libexec/gcc/aarch64-rpi3-linux-gnu/13.2.0/collect2 -plugin /home/mustafa/x-tools/aarch64-rpi3-linux-gnu/libexec/gcc/aarch64-rpi3-linux-gnu/13.2.0/liblto_plugin.so -plugin-opt=/home/mustafa/x-tools/aarch64-rpi3-linux-gnu/libexec/gcc/aarch64-rpi3-linux-gnu/13.2.0/lto-wrapper -plugin-opt=-fresolution=/tmp/ccjIDR8e.res -plugin-opt=-pass-through=-lgcc_s -plugin-opt=-pass-through=-lgcc -plugin-opt=-pass-through=-lc -plugin-opt=-pass-through=-lgcc_s -plugin-opt=-pass-through=-lgcc --sysroot=/home/mustafa/x-tools/aarch64-rpi3-linux-gnu/aarch64-rpi3-linux-gnu/sysroot --eh-frame-hdr -dynamic-linker /lib/ld-linux-aarch64.so.1 -X -EL -maarch64linux -o cmTC_466cd /home/mustafa/x-tools/aarch64-rpi3-linux-gnu/aarch64-rpi3-linux-gnu/sysroot/usr/lib/../lib64/crt1.o /home/mustafa/x-tools/aarch64-rpi3-linux-gnu/aarch64-rpi3-linux-gnu/sysroot/usr/lib/../lib64/crti.o /home/mustafa/x-tools/aarch64-rpi3-linux-gnu/lib/gcc/aarch64-rpi3-linux-gnu/13.2.0/crtbegin.o -L/home/mustafa/x-tools/aarch64-rpi3-linux-gnu/lib/gcc/aarch64-rpi3-linux-gnu/13.2.0 -L/home/mustafa/x-tools/aarch64-rpi3-linux-gnu/lib/gcc/aarch64-rpi3-linux-gnu/13.2.0/../../../../aarch64-rpi3-linux-gnu/lib/../lib64 -L/home/mustafa/x-tools/aarch64-rpi3-linux-gnu/aarch64-rpi3-linux-gnu/sysroot/lib/../lib64 -L/home/mustafa/x-tools/aarch64-rpi3-linux-gnu/aarch64-rpi3-linux-gnu/sysroot/usr/lib/../lib64 -L/home/mustafa/x-tools/aarch64-rpi3-linux-gnu/lib/gcc/aarch64-rpi3-linux-gnu/13.2.0/../../../../aarch64-rpi3-linux-gnu/lib -L/home/mustafa/x-tools/aarch64-rpi3-linux-gnu/aarch64-rpi3-linux-gnu/sysroot/lib -L/home/mustafa/x-tools/aarch64-rpi3-linux-gnu/aarch64-rpi3-linux-gnu/sysroot/usr/lib CMakeFiles/cmTC_466cd.dir/CMakeCXXCompilerABI.cpp.o -lstdc++ -lm -lgcc_s -lgcc -lc -lgcc_s -lgcc /home/mustafa/x-tools/aarch64-rpi3-linux-gnu/lib/gcc/aarch64-rpi3-linux-gnu/13.2.0/crtend.o /home/mustafa/x-tools/aarch64-rpi3-linux-gnu/aarch64-rpi3-linux-gnu/sysroot/usr/lib/../lib64/crtn.o
COLLECT_GCC_OPTIONS='-v' '-o' 'cmTC_466cd' '-shared-libgcc' '-mcpu=cortex-a53' '-mlittle-endian' '-mabi=lp64' '-dumpdir' 'cmTC_466cd.'
gmake[1]: Leaving directory '/home/mustafa/Embedded_ITI_9M/Fady/CPP/Task5_CPP/build-rpi/CMakeFiles/CMakeTmp'



Parsed CXX implicit include dir info from above output: rv=done
  found start of include info
  found start of implicit include info
    add: [/home/mustafa/x-tools/aarch64-rpi3-linux-gnu/lib/gcc/aarch64-rpi3-linux-gnu/13.2.0/../../../../aarch64-rpi3-linux-gnu/include/c++/13.2.0]
    add: [/home/mustafa/x-tools/aarch64-rpi3-linux-gnu/lib/gcc/aarch64-rpi3-linux-gnu/13.2.0/../../../../aarch64-rpi3-linux-gnu/include/c++/13.2.0/aarch64-rpi3-linux-gnu]
    add: [/home/mustafa/x-tools/aarch64-rpi3-linux-gnu/lib/gcc/aarch64-rpi3-linux-gnu/13.2.0/../../../../aarch64-rpi3-linux-gnu/include/c++/13.2.0/backward]
    add: [/home/mustafa/x-tools/aarch64-rpi3-linux-gnu/lib/gcc/aarch64-rpi3-linux-gnu/13.2.0/include]
    add: [/home/mustafa/x-tools/aarch64-rpi3-linux-gnu/lib/gcc/aarch64-rpi3-linux-gnu/13.2.0/include-fixed]
    add: [/home/mustafa/x-tools/aarch64-rpi3-linux-gnu/lib/gcc/aarch64-rpi3-linux-gnu/13.2.0/../../../../aarch64-rpi3-linux-gnu/include]
    add: [/home/mustafa/x-tools/aarch64-rpi3-linux-gnu/aarch64-rpi3-linux-gnu/sysroot/usr/include]
  end of search list found
  collapse include dir [/home/mustafa/x-tools/aarch64-rpi3-linux-gnu/lib/gcc/aarch64-rpi3-linux-gnu/13.2.0/../../../../aarch64-rpi3-linux-gnu/include/c++/13.2.0] ==> [/home/mustafa/x-tools/aarch64-rpi3-linux-gnu/aarch64-rpi3-linux-gnu/include/c++/13.2.0]
  collapse include dir [/home/mustafa/x-tools/aarch64-rpi3-linux-gnu/lib/gcc/aarch64-rpi3-linux-gnu/13.2.0/../../../../aarch64-rpi3-linux-gnu/include/c++/13.2.0/aarch64-rpi3-linux-gnu] ==> [/home/mustafa/x-tools/aarch64-rpi3-linux-gnu/aarch64-rpi3-linux-gnu/include/c++/13.2.0/aarch64-rpi3-linux-gnu]
  collapse include dir [/home/mustafa/x-tools/aarch64-rpi3-linux-gnu/lib/gcc/aarch64-rpi3-linux-gnu/13.2.0/../../../../aarch64-rpi3-linux-gnu/include/c++/13.2.0/backward] ==> [/home/mustafa/x-tools/aarch64-rpi3-linux-gnu/aarch64-rpi3-linux-gnu/include/c++/13.2.0/backward]
  collapse include dir [/home/mustafa/x-tools/aarch64-rpi3-linux-gnu/lib/gcc/aarch64-rpi3-linux-gnu/13.2.0/include] ==> [/home/mustafa/x-tools/aarch64-rpi3-linux-gnu/lib/gcc/aarch64-rpi3-linux-gnu/13.2.0/include]
  collapse include dir [/home/mustafa/x-tools/aarch64-rpi3-linux-gnu/lib/gcc/aarch64-rpi3-linux-gnu/13.2.0/include-fixed] ==> [/home/mustafa/x-tools/aarch64-rpi3-linux-gnu/lib/gcc/aarch64-rpi3-linux-gnu/13.2.0/include-fixed]
  collapse include dir [/home/mustafa/x-tools/aarch64-rpi3-linux-gnu/lib/gcc/aarch64-rpi3-linux-gnu/13.2.0/../../../../aarch64-rpi3-linux-gnu/include] ==> [/home/mustafa/x-tools/aarch64-rpi3-linux-gnu/aarch64-rpi3-linux-gnu/include]
  collapse include dir [/home/mustafa/x-tools/aarch64-rpi3-linux-gnu/aarch64-rpi3-linux-gnu/sysroot/usr/include] ==> [/home/mustafa/x-tools/aarch64-rpi3-linux-gnu/aarch64-rpi3-linux-gnu/sysroot/usr/include]
  implicit include dirs: [/home/mustafa/x-tools/aarch64-rpi3-linux-gnu/aarch64-rpi3-linux-gnu/include/c++/13.2.0;/home/mustafa/x-tools/aarch64-rpi3-linux-gnu/aarch64-rpi3-linux-gnu/include/c++/13.2.0/aarch64-rpi3-linux-gnu;/home/mustafa/x-tools/aarch64-rpi3-linux-gnu/aarch64-rpi3-linux-gnu/include/c++/13.2.0/backward;/home/mustafa/x-tools/aarch64-rpi3-linux-gnu/lib/gcc/aarch64-rpi3-linux-gnu/13.2.0/include;/home/mustafa/x-tools/aarch64-rpi3-linux-gnu/lib/gcc/aarch64-rpi3-linux-gnu/13.2.0/include-fixed;/home/mustafa/x-tools/aarch64-rpi3-linux-gnu/aarch64-rpi3-linux-gnu/include;/home/mustafa/x-tools/aarch64-rpi3-linux-gnu/aarch64-rpi3-linux-gnu/sysroot/usr/include]


Parsed CXX implicit link information from above output:
  link line regex: [^( *|.*[/\])(aarch64-rpi3-linux-gnu-ld|CMAKE_LINK_STARTFILE-NOTFOUND|([^/\]+-)?ld|collect2)[^/\]*( |$)]
  ignore line: [Change Dir: /home/mustafa/Embedded_ITI_9M/Fady/CPP/Task5_CPP/build-rpi/CMakeFiles/CMakeTmp]
  ignore line: []
  ignore line: [Run Build Command(s):/usr/bin/gmake -f Makefile cmTC_466cd/fast && /usr/bin/gmake  -f CMakeFiles/cmTC_466cd.dir/build.make CMakeFiles/cmTC_466cd.dir/build]
  ignore line: [gmake[1]: Entering directory '/home/mustafa/Embedded_ITI_9M/Fady/CPP/Task5_CPP/build-rpi/CMakeFiles/CMakeTmp']
  ignore line: [Building CXX object CMakeFiles/cmTC_466cd.dir/CMakeCXXCompilerABI.cpp.o]
  ignore line: [/home/mustafa/x-tools/aarch64-rpi3-linux-gnu/bin/aarch64-rpi3-linux-gnu-g++   -v -o CMakeFiles/cmTC_466cd.dir/CMakeCXXCompilerABI.cpp.o -c /usr/share/cmake-3.22/Modules/CMakeCXXCompilerABI.cpp]
  ignore line: [Using built-in specs.]
  ignore line: [COLLECT_GCC=/home/mustafa/x-tools/aarch64-rpi3-linux-gnu/bin/aarch64-rpi3-linux-gnu-g++]
  ignore line: [Target: aarch64-rpi3-linux-gnu]
  ignore line: [Configured with: /home/mustafa/crosscompile/crosstool-ng/.build/aarch64-rpi3-linux-gnu/src/gcc/configure --build=x86_64-build_pc-linux-gnu --host=x86_64-build_pc-linux-gnu --target=aarch64-rpi3-linux-gnu --prefix=/home/mustafa/x-tools/aarch64-rpi3-linux-gnu --exec_prefix=/home/mustafa/x-tools/aarch64-rpi3-linux-gnu --with-sysroot=/home/mustafa/x-tools/aarch64-rpi3-linux-gnu/aarch64-rpi3-linux-gnu/sysroot --enable-languages=c c++ --with-cpu=cortex-a53 --with-pkgversion='crosstool-NG 1.26.0_rc2' --enable-__cxa_atexit --disable-libmudflap --disable-libgomp --disable-libssp --disable-libquadmath --disable-libquadmath-support --disable-libsanitizer --disable-libmpx --with-gmp=/home/mustafa/crosscompile/crosstool-ng/.build/aarch64-rpi3-linux-gnu/buildtools --with-mpfr=/home/mustafa/crosscompile/crosstool-ng/.build/aarch64-rpi3-linux-gnu/buildtools --with-mpc=/home/mustafa/crosscompile/crosstool-ng/.build/aarch64-rpi3-linux-gnu/buildtools --with-isl=/home/mustafa/crosscompile/crosstool-ng/.build/aarch64-rpi3-linux-gnu/buildtools --enable-lto --enable-threads=posix --enable-target-optspace --enable-plugin --enable-gold --disable-nls --disable-multilib --with-local-prefix=/home/mustafa/x-tools/aarch64-rpi3-linux-gnu/aarch64-rpi3-linux-gnu/sysroot --enable-long-long]
  ignore line: [Thread model: posix]
  ignore line: [Supported LTO compression algorithms: zlib zstd]
  ignore line: [gcc version 13.2.0 (crosstool-NG 1.26.0_rc2) ]
  ignore line: [COLLECT_GCC_OPTIONS='-v' '-o' 'CMakeFiles/cmTC_466cd.dir/CMakeCXXCompilerABI.cpp.o' '-c' '-shared-libgcc' '-mcpu=cortex-a53' '-mlittle-endian' '-mabi=lp64' '-dumpdir' 'CMakeFiles/cmTC_466cd.dir/']
  ignore line: [ /home/mustafa/x-tools/aarch64-rpi3-linux-gnu/libexec/gcc/aarch64-rpi3-linux-gnu/13.2.0/cc1plus -quiet -v -D_GNU_SOURCE /usr/share/cmake-3.22/Modules/CMakeCXXCompilerABI.cpp -quiet -dumpdir CMakeFiles/cmTC_466cd.dir/ -dumpbase CMakeCXXCompilerABI.cpp.cpp -dumpbase-ext .cpp -mcpu=cortex-a53 -mlittle-endian -mabi=lp64 -version -o /tmp/ccV73lGn.s]
  ignore line: [GNU C++17 (crosstool-NG 1.26.0_rc2) version 13.2.0 (aarch64-rpi3-linux-gnu)]
  ignore line: [	compiled by GNU C version 11.4.0  GMP version 6.2.1  MPFR version 4.2.1  MPC version 1.2.1  isl version isl-0.26-GMP]
  ignore line: []
  ignore line: [GGC heuristics: --param ggc-min-expand=100 --param ggc-min-heapsize=131072]
  ignore line: [ignoring nonexistent directory "/home/mustafa/x-tools/aarch64-rpi3-linux-gnu/aarch64-rpi3-linux-gnu/sysroot/home/mustafa/x-tools/aarch64-rpi3-linux-gnu/aarch64-rpi3-linux-gnu/sysroot/include"]
  ignore line: [#include "..." search starts here:]
  ignore line: [#include <...> search starts here:]
  ignore line: [ /home/mustafa/x-tools/aarch64-rpi3-linux-gnu/lib/gcc/aarch64-rpi3-linux-gnu/13.2.0/../../../../aarch64-rpi3-linux-gnu/include/c++/13.2.0]
  ignore line: [ /home/mustafa/x-tools/aarch64-rpi3-linux-gnu/lib/gcc/aarch64-rpi3-linux-gnu/13.2.0/../../../../aarch64-rpi3-linux-gnu/include/c++/13.2.0/aarch64-rpi3-linux-gnu]
  ignore line: [ /home/mustafa/x-tools/aarch64-rpi3-linux-gnu/lib/gcc/aarch64-rpi3-linux-gnu/13.2.0/../../../../aarch64-rpi3-linux-gnu/include/c++/13.2.0/backward]
  ignore line: [ /home/mustafa/x-tools/aarch64-rpi3-linux-gnu/lib/gcc/aarch64-rpi3-linux-gnu/13.2.0/include]
  ignore line: [ /home/mustafa/x-tools/aarch64-rpi3-linux-gnu/lib/gcc/aarch64-rpi3-linux-gnu/13.2.0/include-fixed]
  ignore line: [ /home/mustafa/x-tools/aarch64-rpi3-linux-gnu/lib/gcc/aarch64-rpi3-linux-gnu/13.2.0/../../../../aarch64-rpi3-linux-gnu/include]
  ignore line: [ /home/mustafa/x-tools/aarch64-rpi3-linux-gnu/aarch64-rpi3-linux-gnu/sysroot/usr/include]
  ignore line: [End of search list.]
  ignore line: [Compiler executable checksum: 1f404c13bde770ca3f1687ca2497e50e]
  ignore line: [COLLECT_GCC_OPTIONS='-v' '-o' 'CMakeFiles/cmTC_466cd.dir/CMakeCXXCompilerABI.cpp.o' '-c' '-shared-libgcc' '-mcpu=cortex-a53' '-mlittle-endian' '-mabi=lp64' '-dumpdir' 'CMakeFiles/cmTC_466cd.dir/']
  ignore line: [ /home/mustafa/x-tools/aarch64-rpi3-linux-gnu/lib/gcc/aarch64-rpi3-linux-gnu/13.2.0/../../../../aarch64-rpi3-linux-gnu/bin/as -v -EL -march=armv8-a+crc -mabi=lp64 -o CMakeFiles/cmTC_466cd.dir/CMakeCXXCompilerABI.cpp.o /tmp/ccV73lGn.s]
  ignore line: [GNU assembler version 2.40 (aarch64-rpi3-linux-gnu) using BFD version (crosstool-NG 1.26.0_rc2) 2.40]
  ignore line: [COMPILER_PATH=/home/mustafa/x-tools/aarch64-rpi3-linux-gnu/libexec/gcc/aarch64-rpi3-linux-gnu/13.2.0/:/home/mustafa/x-tools/aarch64-rpi3-linux-gnu/libexec/gcc/aarch64-rpi3-linux-gnu/13.2.0/:/home/mustafa/x-tools/aarch64-rpi3-linux-gnu/libexec/gcc/aarch64-rpi3-linux-gnu/:/home/mustafa/x-tools/aarch64-rpi3-linux-gnu/lib/gcc/aarch64-rpi3-linux-gnu/13.2.0/:/home/mustafa/x-tools/aarch64-rpi3-linux-gnu/lib/gcc/aarch64-rpi3-linux-gnu/:/home/mustafa/x-tools/aarch64-rpi3-linux-gnu/lib/gcc/aarch64-rpi3-linux-gnu/13.2.0/../../../../aarch64-rpi3-linux-gnu/bin/]
  ignore line: [LIBRARY_PATH=/home/mustafa/x-tools/aarch64-rpi3-linux-gnu/lib/gcc/aarch64-rpi3-linux-gnu/13.2.0/:/home/mustafa/x-tools/aarch64-rpi3-linux-gnu/lib/gcc/aarch64-rpi3-linux-gnu/13.2.0/../../../../aarch64-rpi3-linux-gnu/lib/../lib64/:/home/mustafa/x-tools/aarch64-rpi3-linux-gnu/aarch64-rpi3-linux-gnu/sysroot/lib/../lib64/:/home/mustafa/x-tools/aarch64-rpi3-linux-gnu/aarch64-rpi3-linux-gnu/sysroot/usr/lib/../lib64/:/home/mustafa/x-tools/aarch64-rpi3-linux-gnu/lib/gcc/aarch64-rpi3-linux-gnu/13.2.0/../../../../aarch64-rpi3-linux-gnu/lib/:/home/mustafa/x-tools/aarch64-rpi3-linux-gnu/aarch64-rpi3-linux-gnu/sysroot/lib/:/home/mustafa/x-tools/aarch64-rpi3-linux-gnu/aarch64-rpi3-linux-gnu/sysroot/usr/lib/]
  ignore line: [COLLECT_GCC_OPTIONS='-v' '-o' 'CMakeFiles/cmTC_466cd.dir/CMakeCXXCompilerABI.cpp.o' '-c' '-shared-libgcc' '-mcpu=cortex-a53' '-mlittle-endian' '-mabi=lp64' '-dumpdir' 'CMakeFiles/cmTC_466cd.dir/CMakeCXXCompilerABI.cpp.']
  ignore line: [Linking CXX executable cmTC_466cd]
  ignore line: [/usr/bin/cmake -E cmake_link_script CMakeFiles/cmTC_466cd.dir/link.txt --verbose=1]
  ignore line: [/home/mustafa/x-tools/aarch64-rpi3-linux-gnu/bin/aarch64-rpi3-linux-gnu-g++  -v CMakeFiles/cmTC_466cd.dir/CMakeCXXCompilerABI.cpp.o -o cmTC_466cd ]
  ignore line: [Using built-in specs.]
  ignore line: [COLLECT_GCC=/home/mustafa/x-tools/aarch64-rpi3-linux-gnu/bin/aarch64-rpi3-linux-gnu-g++]
  ignore line: [COLLECT_LTO_WRAPPER=/home/mustafa/x-tools/aarch64-rpi3-linux-gnu/libexec/gcc/aarch64-rpi3-linux-gnu/13.2.0/lto-wrapper]
  ignore line: [Target: aarch64-rpi3-linux-gnu]
  ignore line: [Configured with: /home/mustafa/crosscompile/crosstool-ng/.build/aarch64-rpi3-linux-gnu/src/gcc/configure --build=x86_64-build_pc-linux-gnu --host=x86_64-build_pc-linux-gnu --target=aarch64-rpi3-linux-gnu --prefix=/home/mustafa/x-tools/aarch64-rpi3-linux-gnu --exec_prefix=/home/mustafa/x-tools/aarch64-rpi3-linux-gnu --with-sysroot=/home/mustafa/x-tools/aarch64-rpi3-linux-gnu/aarch64-rpi3-linux-gnu/sysroot --enable-languages=c c++ --with-cpu=cortex-a53 --with-pkgversion='crosstool-NG 1.26.0_rc2' --enable-__cxa_atexit --disable-libmudflap --disable-libgomp --disable-libssp --disable-libquadmath --disable-libquadmath-support --disable-libsanitizer --disable-libmpx --with-gmp=/home/mustafa/crosscompile/crosstool-ng/.build/aarch64-rpi3-linux-gnu/buildtools --with-mpfr=/home/mustafa/crosscompile/crosstool-ng/.build/aarch64-rpi3-linux-gnu/buildtools --with-mpc=/home/mustafa/crosscompile/crosstool-ng/.build/aarch64-rpi3-linux-gnu/buildtools --with-isl=/home/mustafa/crosscompile/crosstool-ng/.build/aarch64-rpi3-linux-gnu/buildtools --enable-lto --enable-threads=posix --enable-target-optspace --enable-plugin --enable-gold --disable-nls --disable-multilib --with-local-prefix=/home/mustafa/x-tools/aarch64-rpi3-linux-gnu/aarch64-rpi3-linux-gnu/sysroot --enable-long-long]
  ignore line: [Thread model: posix]
  ignore line: [Supported LTO compression algorithms: zlib zstd]
  ignore line: [gcc version 13.2.0 (crosstool-NG 1.26.0_rc2) ]
  ignore line: [COMPILER_PATH=/home/mustafa/x-tools/aarch64-rpi3-linux-gnu/libexec/gcc/aarch64-rpi3-linux-gnu/13.2.0/:/home/mustafa/x-tools/aarch64-rpi3-linux-gnu/libexec/gcc/aarch64-rpi3-linux-gnu/13.2.0/:/home/mustafa/x-tools/aarch64-rpi3-linux-gnu/libexec/gcc/aarch64-rpi3-linux-gnu/:/home/mustafa/x-tools/aarch64-rpi3-linux-gnu/lib/gcc/aarch64-rpi3-linux-gnu/13.2.0/:/home/mustafa/x-tools/aarch64-rpi3-linux-gnu/lib/gcc/aarch64-rpi3-linux-gnu/:/home/mustafa/x-tools/aarch64-rpi3-linux-gnu/lib/gcc/aarch64-rpi3-linux-gnu/13.2.0/../../../../aarch64-rpi3-linux-gnu/bin/]
  ignore line: [LIBRARY_PATH=/home/mustafa/x-tools/aarch64-rpi3-linux-gnu/lib/gcc/aarch64-rpi3-linux-gnu/13.2.0/:/home/mustafa/x-tools/aarch64-rpi3-linux-gnu/lib/gcc/aarch64-rpi3-linux-gnu/13.2.0/../../../../aarch64-rpi3-linux-gnu/lib/../lib64/:/home/mustafa/x-tools/aarch64-rpi3-linux-gnu/aarch64-rpi3-linux-gnu/sysroot/lib/../lib64/:/home/mustafa/x-tools/aarch64-rpi3-linux-gnu/aarch64-rpi3-linux-gnu/sysroot/usr/lib/../lib64/:/home/mustafa/x-tools/aarch64-rpi3-linux-gnu/lib/gcc/aarch64-rpi3-linux-gnu/13.2.0/../../../../aarch64-rpi3-linux-gnu/lib/:/home/mustafa/x-tools/aarch64-rpi3-linux-gnu/aarch64-rpi3-linux-gnu/sysroot/lib/:/home/mustafa/x-tools/aarch64-rpi3-linux-gnu/aarch64-rpi3-linux-gnu/sysroot/usr/lib/]
  ignore line: [COLLECT_GCC_OPTIONS='-v' '-o' 'cmTC_466cd' '-shared-libgcc' '-mcpu=cortex-a53' '-mlittle-endian' '-mabi=lp64' '-dumpdir' 'cmTC_466cd.']
  link line: [ /home/mustafa/x-tools/aarch64-rpi3-linux-gnu/libexec/gcc/aarch64-rpi3-linux-gnu/13.2.0/collect2 -plugin /home/mustafa/x-tools/aarch64-rpi3-linux-gnu/libexec/gcc/aarch64-rpi3-linux-gnu/13.2.0/liblto_plugin.so -plugin-opt=/home/mustafa/x-tools/aarch64-rpi3-linux-gnu/libexec/gcc/aarch64-rpi3-linux-gnu/13.2.0/lto-wrapper -plugin-opt=-fresolution=/tmp/ccjIDR8e.res -plugin-opt=-pass-through=-lgcc_s -plugin-opt=-pass-through=-lgcc -plugin-opt=-pass-through=-lc -plugin-opt=-pass-through=-lgcc_s -plugin-opt=-pass-through=-lgcc --sysroot=/home/mustafa/x-tools/aarch64-rpi3-linux-gnu/aarch64-rpi3-linux-gnu/sysroot --eh-frame-hdr -dynamic-linker /lib/ld-linux-aarch64.so.1 -X -EL -maarch64linux -o cmTC_466cd /home/mustafa/x-tools/aarch64-rpi3-linux-gnu/aarch64-rpi3-linux-gnu/sysroot/usr/lib/../lib64/crt1.o /home/mustafa/x-tools/aarch64-rpi3-linux-gnu/aarch64-rpi3-linux-gnu/sysroot/usr/lib/../lib64/crti.o /home/mustafa/x-tools/aarch64-rpi3-linux-gnu/lib/gcc/aarch64-rpi3-linux-gnu/13.2.0/crtbegin.o -L/home/mustafa/x-tools/aarch64-rpi3-linux-gnu/lib/gcc/aarch64-rpi3-linux-gnu/13.2.0 -L/home/mustafa/x-tools/aarch64-rpi3-linux-gnu/lib/gcc/aarch64-rpi3-linux-gnu/13.2.0/../../../../aarch64-rpi3-linux-gnu/lib/../lib64 -L/home/mustafa/x-tools/aarch64-rpi3-linux-gnu/aarch64-rpi3-linux-gnu/sysroot/lib/../lib64 -L/home/mustafa/x-tools/aarch64-rpi3-linux-gnu/aarch64-rpi3-linux-gnu/sysroot/usr/lib/../lib64 -L/home/mustafa/x-tools/aarch64-rpi3-linux-gnu/lib/gcc/aarch64-rpi3-linux-gnu/13.2.0/../../../../aarch64-rpi3-linux-gnu/lib -L/home/mustafa/x-tools/aarch64-rpi3-linux-gnu/aarch64-rpi3-linux-gnu/sysroot/lib -L/home/mustafa/x-tools/aarch64-rpi3-linux-gnu/aarch64-rpi3-linux-gnu/sysroot/usr/lib CMakeFiles/cmTC_466cd.dir/CMakeCXXCompilerABI.cpp.o -lstdc++ -lm -lgcc_s -lgcc -lc -lgcc_s -lgcc /home/mustafa/x-tools/aarch64-rpi3-linux-gnu/lib/gcc/aarch64-rpi3-linux-gnu/13.2.0/crtend.o /home/mustafa/x-tools/aarch64-rpi3-linux-gnu/aarch64-rpi3-linux-gnu/sysroot/usr/lib/../lib64/crtn.o]
    arg [/home/mustafa/x-tools/aarch64-rpi3-linux-gnu/libexec/gcc/aarch64-rpi3-linux-gnu/13.2.0/collect2] ==> ignore
    arg [-plugin] ==> ignore
    arg [/home/mustafa/x-tools/aarch64-rpi3-linux-gnu/libexec/gcc/aarch64-rpi3-linux-gnu/13.2.0/liblto_plugin.so] ==> ignore
    arg [-plugin-opt=/home/mustafa/x-tools/aarch64-rpi3-linux-gnu/libexec/gcc/aarch64-rpi3-linux-gnu/13.2.0/lto-wrapper] ==> ignore
    arg [-plugin-opt=-fresolution=/tmp/ccjIDR8e.res] ==> ignore
    arg [-plugin-opt=-pass-through=-lgcc_s] ==> ignore
    arg [-plugin-opt=-pass-through=-lgcc] ==> ignore
    arg [-plugin-opt=-pass-through=-lc] ==> ignore
    arg [-plugin-opt=-pass-through=-lgcc_s] ==> ignore
    arg [-plugin-opt=-pass-through=-lgcc] ==> ignore
    arg [--sysroot=/home/mustafa/x-tools/aarch64-rpi3-linux-gnu/aarch64-rpi3-linux-gnu/sysroot] ==> ignore
    arg [--eh-frame-hdr] ==> ignore
    arg [-dynamic-linker] ==> ignore
    arg [/lib/ld-linux-aarch64.so.1] ==> ignore
    arg [-X] ==> ignore
    arg [-EL] ==> ignore
    arg [-maarch64linux] ==> ignore
    arg [-o] ==> ignore
    arg [cmTC_466cd] ==> ignore
    arg [/home/mustafa/x-tools/aarch64-rpi3-linux-gnu/aarch64-rpi3-linux-gnu/sysroot/usr/lib/../lib64/crt1.o] ==> obj [/home/mustafa/x-tools/aarch64-rpi3-linux-gnu/aarch64-rpi3-linux-gnu/sysroot/usr/lib/../lib64/crt1.o]
    arg [/home/mustafa/x-tools/aarch64-rpi3-linux-gnu/aarch64-rpi3-linux-gnu/sysroot/usr/lib/../lib64/crti.o] ==> obj [/home/mustafa/x-tools/aarch64-rpi3-linux-gnu/aarch64-rpi3-linux-gnu/sysroot/usr/lib/../lib64/crti.o]
    arg [/home/mustafa/x-tools/aarch64-rpi3-linux-gnu/lib/gcc/aarch64-rpi3-linux-gnu/13.2.0/crtbegin.o] ==> obj [/home/mustafa/x-tools/aarch64-rpi3-linux-gnu/lib/gcc/aarch64-rpi3-linux-gnu/13.2.0/crtbegin.o]
    arg [-L/home/mustafa/x-tools/aarch64-rpi3-linux-gnu/lib/gcc/aarch64-rpi3-linux-gnu/13.2.0] ==> dir [/home/mustafa/x-tools/aarch64-rpi3-linux-gnu/lib/gcc/aarch64-rpi3-linux-gnu/13.2.0]
    arg [-L/home/mustafa/x-tools/aarch64-rpi3-linux-gnu/lib/gcc/aarch64-rpi3-linux-gnu/13.2.0/../../../../aarch64-rpi3-linux-gnu/lib/../lib64] ==> dir [/home/mustafa/x-tools/aarch64-rpi3-linux-gnu/lib/gcc/aarch64-rpi3-linux-gnu/13.2.0/../../../../aarch64-rpi3-linux-gnu/lib/../lib64]
    arg [-L/home/mustafa/x-tools/aarch64-rpi3-linux-gnu/aarch64-rpi3-linux-gnu/sysroot/lib/../lib64] ==> dir [/home/mustafa/x-tools/aarch64-rpi3-linux-gnu/aarch64-rpi3-linux-gnu/sysroot/lib/../lib64]
    arg [-L/home/mustafa/x-tools/aarch64-rpi3-linux-gnu/aarch64-rpi3-linux-gnu/sysroot/usr/lib/../lib64] ==> dir [/home/mustafa/x-tools/aarch64-rpi3-linux-gnu/aarch64-rpi3-linux-gnu/sysroot/usr/lib/../lib64]
    arg [-L/home/mustafa/x-tools/aarch64-rpi3-linux-gnu/lib/gcc/aarch64-rpi3-linux-gnu/13.2.0/../../../../aarch64-rpi3-linux-gnu/lib] ==> dir [/home/mustafa/x-tools/aarch64-rpi3-linux-gnu/lib/gcc/aarch64-rpi3-linux-gnu/13.2.0/../../../../aarch64-rpi3-linux-gnu/lib]
    arg [-L/home/mustafa/x-tools/aarch64-rpi3-linux-gnu/aarch64-rpi3-linux-gnu/sysroot/lib] ==> dir [/home/mustafa/x-tools/aarch64-rpi3-linux-gnu/aarch64-rpi3-linux-gnu/sysroot/lib]
    arg [-L/home/mustafa/x-tools/aarch64-rpi3-linux-gnu/aarch64-rpi3-linux-gnu/sysroot/usr/lib] ==> dir [/home/mustafa/x-tools/aarch64-rpi3-linux-gnu/aarch64-rpi3-linux-gnu/sysroot/usr/lib]
    arg [CMakeFiles/cmTC_466cd.dir/CMakeCXXCompilerABI.cpp.o] ==> ignore
    arg [-lstdc++] ==> lib [stdc++]
    arg [-lm] ==> lib [m]
    arg [-lgcc_s] ==> lib [gcc_s]
    arg [-lgcc] ==> lib [gcc]
    arg [-lc] ==> lib [c]
    arg [-lgcc_s] ==> lib [gcc_s]
    arg [-lgcc] ==> lib [gcc]
    arg [/home/mustafa/x-tools/aarch64-rpi3-linux-gnu/lib/gcc/aarch64-rpi3-linux-gnu/13.2.0/crtend.o] ==> obj [/home/mustafa/x-tools/aarch64-rpi3-linux-gnu/lib/gcc/aarch64-rpi3-linux-gnu/13.2.0/crtend.o]
    arg [/home/mustafa/x-tools/aarch64-rpi3-linux-gnu/aarch64-rpi3-linux-gnu/sysroot/usr/lib/../lib64/crtn.o] ==> obj [/home/mustafa/x-tools/aarch64-rpi3-linux-gnu/aarch64-rpi3-linux-gnu/sysroot/usr/lib/../lib64/crtn.o]
  collapse obj [/home/mustafa/x-tools/aarch64-rpi3-linux-gnu/aarch64-rpi3-linux-gnu/sysroot/usr/lib/../lib64/crt1.o] ==> [/home/mustafa/x-tools/aarch64-rpi3-linux-gnu/aarch64-rpi3-linux-gnu/sysroot/usr/lib64/crt1.o]
  collapse obj [/home/mustafa/x-tools/aarch64-rpi3-linux-gnu/aarch64-rpi3-linux-gnu/sysroot/usr/lib/../lib64/crti.o] ==> [/home/mustafa/x-tools/aarch64-rpi3-linux-gnu/aarch64-rpi3-linux-gnu/sysroot/usr/lib64/crti.o]
  collapse obj [/home/mustafa/x-tools/aarch64-rpi3-linux-gnu/aarch64-rpi3-linux-gnu/sysroot/usr/lib/../lib64/crtn.o] ==> [/home/mustafa/x-tools/aarch64-rpi3-linux-gnu/aarch64-rpi3-linux-gnu/sysroot/usr/lib64/crtn.o]
  collapse library dir [/home/mustafa/x-tools/aarch64-rpi3-linux-gnu/lib/gcc/aarch64-rpi3-linux-gnu/13.2.0] ==> [/home/mustafa/x-tools/aarch64-rpi3-linux-gnu/lib/gcc/aarch64-rpi3-linux-gnu/13.2.0]
  collapse library dir [/home/mustafa/x-tools/aarch64-rpi3-linux-gnu/lib/gcc/aarch64-rpi3-linux-gnu/13.2.0/../../../../aarch64-rpi3-linux-gnu/lib/../lib64] ==> [/home/mustafa/x-tools/aarch64-rpi3-linux-gnu/aarch64-rpi3-linux-gnu/lib64]
  collapse library dir [/home/mustafa/x-tools/aarch64-rpi3-linux-gnu/aarch64-rpi3-linux-gnu/sysroot/lib/../lib64] ==> [/home/mustafa/x-tools/aarch64-rpi3-linux-gnu/aarch64-rpi3-linux-gnu/sysroot/lib64]
  collapse library dir [/home/mustafa/x-tools/aarch64-rpi3-linux-gnu/aarch64-rpi3-linux-gnu/sysroot/usr/lib/../lib64] ==> [/home/mustafa/x-tools/aarch64-rpi3-linux-gnu/aarch64-rpi3-linux-gnu/sysroot/usr/lib64]
  collapse library dir [/home/mustafa/x-tools/aarch64-rpi3-linux-gnu/lib/gcc/aarch64-rpi3-linux-gnu/13.2.0/../../../../aarch64-rpi3-linux-gnu/lib] ==> [/home/mustafa/x-tools/aarch64-rpi3-linux-gnu/aarch64-rpi3-linux-gnu/lib]
  collapse library dir [/home/mustafa/x-tools/aarch64-rpi3-linux-gnu/aarch64-rpi3-linux-gnu/sysroot/lib] ==> [/home/mustafa/x-tools/aarch64-rpi3-linux-gnu/aarch64-rpi3-linux-gnu/sysroot/lib]
  collapse library dir [/home/mustafa/x-tools/aarch64-rpi3-linux-gnu/aarch64-rpi3-linux-gnu/sysroot/usr/lib] ==> [/home/mustafa/x-tools/aarch64-rpi3-linux-gnu/aarch64-rpi3-linux-gnu/sysroot/usr/lib]
  implicit libs: [stdc++;m;gcc_s;gcc;c;gcc_s;gcc]
  implicit objs: [/home/mustafa/x-tools/aarch64-rpi3-linux-gnu/aarch64-rpi3-linux-gnu/sysroot/usr/lib64/crt1.o;/home/mustafa/x-tools/aarch64-rpi3-linux-gnu/aarch64-rpi3-linux-gnu/sysroot/usr/lib64/crti.o;/home/mustafa/x-tools/aarch64-rpi3-linux-gnu/lib/gcc/aarch64-rpi3-linux-gnu/13.2.0/crtbegin.o;/home/mustafa/x-tools/aarch64-rpi3-linux-gnu/lib/gcc/aarch64-rpi3-linux-gnu/13.2.0/crtend.o;/home/mustafa/x-tools/aarch64-rpi3-linux-gnu/aarch64-rpi3-linux-gnu/sysroot/usr/lib64/crtn.o]
  implicit dirs: [/home/mustafa/x-tools/aarch64-rpi3-linux-gnu/lib/gcc/aarch64-rpi3-linux-gnu/13.2.0;/home/mustafa/x-tools/aarch64-rpi3-linux-gnu/aarch64-rpi3-linux-gnu/lib64;/home/mustafa/x-tools/aarch64-rpi3-linux-gnu/aarch64-rpi3-linux-gnu/sysroot/lib64;/home/mustafa/x-tools/aarch64-rpi3-linux-gnu/aarch64-rpi3-linux-gnu/sysroot/usr/lib64;/home/mustafa/x-tools/aarch64-rpi3-linux-gnu/aarch64-rpi3-linux-gnu/lib;/home/mustafa/x-tools/aarch64-rpi3-linux-gnu/aarch64-rpi3-linux-gnu/sysroot/lib;/home/mustafa/x-tools/aarch64-rpi3-linux-gnu/aarch64-rpi3-linux-gnu/sysroot/usr/lib]
  implicit fwks: []


